ls
myblock.ko
[root@FriendlyARM /zeke]# [root@FriendlyARM /zeke]# 
[root@FriendlyARM /zeke]# 
[root@FriendlyARM /zeke]# 
[root@FriendlyARM /zeke]# ./a
[root@FriendlyARM /zeke]# 
[root@FriendlyARM /zeke]# 
[root@FriendlyARM /zeke]# ./a
[root@FriendlyARM /zeke]# cat /dev/myblonblo[root@FriendlyARM /zeke]# cat /dev/block-test 
cat: can't open '/dev/block-test': No such device or address
[root@FriendlyARM /zeke]# rm a
[root@FriendlyARM /zeke]# [root@FriendlyARM /zeke]# 
[root@FriendlyARM /zeke]# 
[root@FriendlyARM /zeke]# ./a
open error
[root@FriendlyARM /zeke]# rm a
[root@FriendlyARM /zeke]# [root@FriendlyARM /zeke]# 
[root@FriendlyARM /zeke]# ./a
-1
open error
[root@FriendlyARM /zeke]# cd /sys/cla[root@FriendlyARM /zeke]# cd /sys/class/
[root@FriendlyARM class]# ls
bdi           i2c-dev       mtd           scsi_disk     usb_device
block-test    input         net           scsi_generic  vc
firmware      leds          ppp           scsi_host     video4linux
graphics      mem           pvrusb2       sound         vtconsole
hwmon         misc          rtc           tty
i2c-adapter   mmc_host      scsi_device   ubi
[root@FriendlyARM class]# cd bl[root@FriendlyARM class]# cd block-test/
[root@FriendlyARM block-test]# ls
block-test
[root@FriendlyARM block-test]# ll
-/bin/sh: ll: not found
[root@FriendlyARM block-test]# ls
block-test
[root@FriendlyARM block-test]# ls -l
lrwxrwxrwx    1 root     root             0 Jul 28 04:04 block-test -> ../../devices/virtual/block-test/block-test
[root@FriendlyARM block-test]# cat bl[root@FriendlyARM block-test]# cat block-test/
cat: read error: Is a directory
[root@FriendlyARM block-test]# cd ./../../dev[root@FriendlyARM block-test]# cd ../../dev
../../dev/      ../../devices/
[root@FriendlyARM block-test]# cd ../../dev[root@FriendlyARM block-test]# cd ../../devi[root@FriendlyARM block-test]# cd ../../devices/v[root@FriendlyARM block-test]# cd ../../devices/virtual/
[root@FriendlyARM virtual]# ls
bdi          input        mtd          sound        vc
block-test   mem          net          tty          video4linux
graphics     misc         ppp          ubi          vtconsole
[root@FriendlyARM virtual]# cd b[root@FriendlyARM virtual]# cd blo[root@FriendlyARM virtual]# cd block-test/
[root@FriendlyARM block-test]# ls
block-test
[root@FriendlyARM block-test]# ls- -saa
.           ..          block-test
[root@FriendlyARM block-test]# [root@FriendlyARM block-test]# ls -a;l
drwxr-xr-x    3 root     root             0 Jul 28 03:49 .
drwxr-xr-x   17 root     root             0 Jul 28  2000 ..
drwxr-xr-x    2 root     root             0 Jul 28 03:49 block-test
[root@FriendlyARM block-test]# cd b[root@FriendlyARM block-test]# cd block-test/
[root@FriendlyARM block-test]# ls -l
-r--r--r--    1 root     root          4096 Jul 28 03:49 dev
lrwxrwxrwx    1 root     root             0 Jul 28 04:05 subsystem -> ../../../../class/block-test
-rw-r--r--    1 root     root          4096 Jul 28 04:05 uevent
[root@FriendlyARM block-test]# car t dev
255:0
[root@FriendlyARM block-test]# [root@FriendlyARM block-test]# cat devuj
cat: can't open 'uj': No such file or directory
[root@FriendlyARM block-test]# [root@FriendlyARM block-test]# cat uj[root@FriendlyARM block-test]# cat dev[root@FriendlyARM block-test]# cat uj[root@FriendlyARM block-test]# cat uevent 
MAJOR=255
MINOR=0
DEVNAME=block-test
[root@FriendlyARM block-test]# cd s[root@FriendlyARM block-test]# cd subsystem/
[root@FriendlyARM block-test]# ls
block-test
[root@FriendlyARM block-test]# ls-l
-/bin/sh: ls-l: not found
[root@FriendlyARM block-test]# l s -l
lrwxrwxrwx    1 root     root             0 Jul 28 04:04 block-test -> ../../devices/virtual/block-test/block-test
[root@FriendlyARM block-test]# cd ..
[root@FriendlyARM block-test]# ls
dev        subsystem  uevent
[root@FriendlyARM block-test]# cd ..
[root@FriendlyARM block-test]# ls
block-test
[root@FriendlyARM block-test]# cd ..
[root@FriendlyARM virtual]# ls
bdi          input        mtd          sound        vc
block-test   mem          net          tty          video4linux
graphics     misc         ppp          ubi          vtconsole
[root@FriendlyARM virtual]# cd ..
[root@FriendlyARM devices]# ls
platform  system    virtual
[root@FriendlyARM devices]# cd ..
[root@FriendlyARM /sys]# ls
block     class     devices   fs        module
bus       dev       firmware  kernel
[root@FriendlyARM /sys]# rm m[root@FriendlyARM /sys]# rm module/
rm: module: is a directory
[root@FriendlyARM /sys]# cd /ze[root@FriendlyARM /sys]# cd /zeke/
[root@FriendlyARM /zeke]# rm m[root@FriendlyARM /zeke]# rm myblock.ko 
[root@FriendlyARM /zeke]# 
[root@FriendlyARM /zeke]# [root@FriendlyARM /zeke]# 
[root@FriendlyARM /zeke]# 
[root@FriendlyARM /zeke]# rmmod myblock
zekezang exit hohohooho
rmmod: module 'myblock' not found
[root@FriendlyARM /zeke]# insm[root@FriendlyARM /zeke]# insmod myb[root@FriendlyARM /zeke]# insmod myblock.ko 
block init comming
[root@FriendlyARM /zeke]# ./a
-1
open error
[root@FriendlyARM /zeke]# ls /dev
adc                 s3c-g3d             tty52
audio               s3c-jpg             tty53
backlight           s3c-mfc             tty54
backlight-1wire     s3c-pp              tty55
block-test          s3c-rotator         tty56
console             shm                 tty57
cpu_dma_latency     snd                 tty58
device              sound               tty59
dsp                 touchscreen         tty6
fb0                 touchscreen-1wire   tty60
fb1                 tty                 tty61
fb2                 tty0                tty62
fb3                 tty1                tty63
full                tty10               tty7
i2c                 tty11               tty8
input               tty12               tty9
kmsg                tty13               ttySAC0
leds                tty14               ttySAC1
log                 tty15               ttySAC2
loop                tty16               ttySAC3
mem                 tty17               ttyp0
mixer               tty18               ttyp1
mtd0                tty19               ttyp2
mtd0ro              tty2                ttyp3
mtd1                tty20               ttyp4
mtd1ro              tty21               ttyp5
mtd2                tty22               ttyp6
mtd2ro              tty23               ttyp7
mtdblock0           tty24               ttyp8
mtdblock1           tty25               ttyp9
mtdblock2           tty26               ttypa
network_latency     tty27               ttypb
network_throughput  tty28               ttypc
null                tty29               ttypd
ppp                 tty3                ttype
psaux               tty30               ttypf
ptmx                tty31               ubi0
pts                 tty32               ubi0_0
ptyp0               tty33               ubi_ctrl
ptyp1               tty34               urandom
ptyp2               tty35               usbdev1.1
ptyp3               tty36               usbdev1.2
ptyp4               tty37               vcs
ptyp5               tty38               vcs1
ptyp6               tty39               vcs2
ptyp7               tty4                vcs3
ptyp8               tty40               vcs4
ptyp9               tty41               vcsa
ptypa               tty42               vcsa1
ptypb               tty43               vcsa2
ptypc               tty44               vcsa3
ptypd               tty45               vcsa4
ptype               tty46               video0
ptypf               tty47               video1
pwm                 tty48               video14
random              tty49               watchdog
rtc                 tty5                zero
rtc0                tty50
s3c-g2d             tty51
[root@FriendlyARM /zeke]# 
[root@FriendlyARM /zeke]# cat /dev/bl[root@FriendlyARM /zeke]# cat /dev/block-test 
cat: can't open '/dev/block-test': No such device or address
[root@FriendlyARM /zeke]# rm m[root@FriendlyARM /zeke]# rm myblock.ko 
[root@FriendlyARM /zeke]# rmm[root@FriendlyARM /zeke]# rmmod myblock
zekezang exit hohohooho
rmmod: module 'myblock' not found
[root@FriendlyARM /zeke]# 
[root@FriendlyARM /zeke]# 
[root@FriendlyARM /zeke]# rm [root@FriendlyARM /zeke]# 
[root@FriendlyARM /zeke]# 
[root@FriendlyARM /zeke]# 
[root@FriendlyARM /zeke]# 
[root@FriendlyARM /zeke]# imsnsmod my[root@FriendlyARM /zeke]# insmod myblock.ko 
block init comming
[root@FriendlyARM /zeke]# 
[root@FriendlyARM /zeke]# ./a
-1
open error
[root@FriendlyARM /zeke]# ls /dev
adc                 s3c-g3d             tty52
audio               s3c-jpg             tty53
backlight           s3c-mfc             tty54
backlight-1wire     s3c-pp              tty55
blocktest           s3c-rotator         tty56
console             shm                 tty57
cpu_dma_latency     snd                 tty58
device              sound               tty59
dsp                 touchscreen         tty6
fb0                 touchscreen-1wire   tty60
fb1                 tty                 tty61
fb2                 tty0                tty62
fb3                 tty1                tty63
full                tty10               tty7
i2c                 tty11               tty8
input               tty12               tty9
kmsg                tty13               ttySAC0
leds                tty14               ttySAC1
log                 tty15               ttySAC2
loop                tty16               ttySAC3
mem                 tty17               ttyp0
mixer               tty18               ttyp1
mtd0                tty19               ttyp2
mtd0ro              tty2                ttyp3
mtd1                tty20               ttyp4
mtd1ro              tty21               ttyp5
mtd2                tty22               ttyp6
mtd2ro              tty23               ttyp7
mtdblock0           tty24               ttyp8
mtdblock1           tty25               ttyp9
mtdblock2           tty26               ttypa
network_latency     tty27               ttypb
network_throughput  tty28               ttypc
null                tty29               ttypd
ppp                 tty3                ttype
psaux               tty30               ttypf
ptmx                tty31               ubi0
pts                 tty32               ubi0_0
ptyp0               tty33               ubi_ctrl
ptyp1               tty34               urandom
ptyp2               tty35               usbdev1.1
ptyp3               tty36               usbdev1.2
ptyp4               tty37               vcs
ptyp5               tty38               vcs1
ptyp6               tty39               vcs2
ptyp7               tty4                vcs3
ptyp8               tty40               vcs4
ptyp9               tty41               vcsa
ptypa               tty42               vcsa1
ptypb               tty43               vcsa2
ptypc               tty44               vcsa3
ptypd               tty45               vcsa4
ptype               tty46               video0
ptypf               tty47               video1
pwm                 tty48               video14
random              tty49               watchdog
rtc                 tty5                zero
rtc0                tty50
s3c-g2d             tty51
[root@FriendlyARM /zeke]# [root@FriendlyARM /zeke]# ls /dev | grep blockt
blocktest
[root@FriendlyARM /zeke]# [root@FriendlyARM /zeke]# ls /dev | grep blockt -l
(standard input)
[root@FriendlyARM /zeke]# [root@FriendlyARM /zeke]# ls /dev | grep blockt -l-/dev | grep blocktl/dev | grep blockt /dev | grep blockt/dev | grep blockt
brw-rw----    1 root     root      255,   0 Jul 28 04:17 blocktest
[root@FriendlyARM /zeke]# rm a
[root@FriendlyARM /zeke]# [root@FriendlyARM /zeke]# 
[root@FriendlyARM /zeke]# ./a
-1
open error
[root@FriendlyARM /zeke]# ./a
-1
open error
[root@FriendlyARM /zeke]# rm a
[root@FriendlyARM /zeke]# [root@FriendlyARM /zeke]# 
[root@FriendlyARM /zeke]# ./a
-1
open error
[root@FriendlyARM /zeke]# ls
a           myblock.ko
[root@FriendlyARM /zeke]# ll
-/bin/sh: ll: not found
[root@FriendlyARM /zeke]# sudo ./a
-/bin/sh: sudo: not found
[root@FriendlyARM /zeke]# ./a
-1
open error
[root@FriendlyARM /zeke]# ls[root@FriendlyARM /zeke]# ./a[root@FriendlyARM /zeke]# sudo ./a[root@FriendlyARM /zeke]# ll[root@FriendlyARM /zeke]# ls[root@FriendlyARM /zeke]# ./a[root@FriendlyARM /zeke]# rz[root@FriendlyARM /zeke]# rm a[root@FriendlyARM /zeke]# ./a[root@FriendlyARM /zeke]# rz[root@FriendlyARM /zeke]# rm a[root@FriendlyARM /zeke]# ls -l /dev | grep blockt[root@FriendlyARM /zeke]# ls /dev | grep blockt -l[root@FriendlyARM /zeke]# ls -l /dev | grep blockt
brw-rw----    1 root     root      255,   0 Jul 28 04:17 blocktest
[root@FriendlyARM /zeke]# rmmod blockmblockyblockblock
zekezang exit hohohooho
rmmod: module 'myblock' not found
[root@FriendlyARM /zeke]# 
[root@FriendlyARM /zeke]# rm m[root@FriendlyARM /zeke]# rm myblock.ko 
[root@FriendlyARM /zeke]# [root@FriendlyARM /zeke]# 
[root@FriendlyARM /zeke]# 
[root@FriendlyARM /zeke]# 
[root@FriendlyARM /zeke]# 
[root@FriendlyARM /zeke]# inmss[root@FriendlyARM /zeke]# insmod m[root@FriendlyARM /zeke]# insmod myblock.ko 
block init comming
[root@FriendlyARM /zeke]# 
[root@FriendlyARM /zeke]# ./a
-1
open error
[root@FriendlyARM /zeke]# rm m[root@FriendlyARM /zeke]# rm myblock.ko 
[root@FriendlyARM /zeke]# rmmod mybliock
zekezang exit hohohooho
rmmod: module 'myblock' not found
[root@FriendlyARM /zeke]# 
[root@FriendlyARM /zeke]# 
[root@FriendlyARM /zeke]# [root@FriendlyARM /zeke]# 
[root@FriendlyARM /zeke]# 
[root@FriendlyARM /zeke]# 
[root@FriendlyARM /zeke]# insomod m[root@FriendlyARM /zeke]# insmod myblock.ko 
block init comming
[root@FriendlyARM /zeke]# ld s /dev[root@FriendlyARM /zeke]# insmod myblock.ko [root@FriendlyARM /zeke]# rz[root@FriendlyARM /zeke]# rmmod myblock[root@FriendlyARM /zeke]# rm myblock.ko [root@FriendlyARM /zeke]# ./a[root@FriendlyARM /zeke]# insmod myblock.ko [root@FriendlyARM /zeke]# rz[root@FriendlyARM /zeke]# rm myblock.ko [root@FriendlyARM /zeke]# rmmod myblock[root@FriendlyARM /zeke]# ls -l /dev | grep blockt[root@FriendlyARM /zeke]# ./a[root@FriendlyARM /zeke]# ls -l /dev | grep blockt
[root@FriendlyARM /zeke]# mkdnmodnod blocktest c 250 0
[root@FriendlyARM /zeke]# [root@FriendlyARM /zeke]# mknod blocktest c 250 0[root@FriendlyARM /zeke]# ls -l /dev | grep blockt
[root@FriendlyARM /zeke]# [root@FriendlyARM /zeke]# ls -l /dev | grep blockt
[root@FriendlyARM /zeke]# ls /dev
adc                 s3c-g3d             tty51
audio               s3c-jpg             tty52
backlight           s3c-mfc             tty53
backlight-1wire     s3c-pp              tty54
console             s3c-rotator         tty55
cpu_dma_latency     shm                 tty56
device              snd                 tty57
dsp                 sound               tty58
fb0                 touchscreen         tty59
fb1                 touchscreen-1wire   tty6
fb2                 tty                 tty60
fb3                 tty0                tty61
full                tty1                tty62
i2c                 tty10               tty63
input               tty11               tty7
kmsg                tty12               tty8
leds                tty13               tty9
log                 tty14               ttySAC0
loop                tty15               ttySAC1
mem                 tty16               ttySAC2
mixer               tty17               ttySAC3
mtd0                tty18               ttyp0
mtd0ro              tty19               ttyp1
mtd1                tty2                ttyp2
mtd1ro              tty20               ttyp3
mtd2                tty21               ttyp4
mtd2ro              tty22               ttyp5
mtdblock0           tty23               ttyp6
mtdblock1           tty24               ttyp7
mtdblock2           tty25               ttyp8
network_latency     tty26               ttyp9
network_throughput  tty27               ttypa
null                tty28               ttypb
ppp                 tty29               ttypc
psaux               tty3                ttypd
ptmx                tty30               ttype
pts                 tty31               ttypf
ptyp0               tty32               ubi0
ptyp1               tty33               ubi0_0
ptyp2               tty34               ubi_ctrl
ptyp3               tty35               urandom
ptyp4               tty36               usbdev1.1
ptyp5               tty37               usbdev1.2
ptyp6               tty38               vcs
ptyp7               tty39               vcs1
ptyp8               tty4                vcs2
ptyp9               tty40               vcs3
ptypa               tty41               vcs4
ptypb               tty42               vcsa
ptypc               tty43               vcsa1
ptypd               tty44               vcsa2
ptype               tty45               vcsa3
ptypf               tty46               vcsa4
pwm                 tty47               video0
random              tty48               video1
rtc                 tty49               video14
rtc0                tty5                watchdog
s3c-g2d             tty50               zero
[root@FriendlyARM /zeke]# .
[root@FriendlyARM /zeke]# 
[root@FriendlyARM /zeke]# [root@FriendlyARM /zeke]# .[root@FriendlyARM /zeke]# ls /dev[root@FriendlyARM /zeke]# ls -l /dev | grep blockt[root@FriendlyARM /zeke]# mknod blocktest c 250 0/blocktest c 250 0dblocktest c 250 0eblocktest c 250 0vblocktest c 250 0/blocktest c 250 0blocktest c 250 0
[root@FriendlyARM /zeke]# [root@FriendlyARM /zeke]# mknod /dev/blocktest c 250 0[root@FriendlyARM /zeke]# .[root@FriendlyARM /zeke]# ls /dev[root@FriendlyARM /zeke]# ls -l /dev | grep blockt
crw-r--r--    1 root     root      250,   0 Jul 28 04:40 blocktest
[root@FriendlyARM /zeke]# cat b/dev/b[root@FriendlyARM /zeke]# cat /dev/blo[root@FriendlyARM /zeke]# cat /dev/blocktest 
cat: can't open '/dev/blocktest': No such device or address
[root@FriendlyARM /zeke]# ./
-/bin/sh: ./: Permission denied
[root@FriendlyARM /zeke]# ./a
-1
open error
[root@FriendlyARM /zeke]# [root@FriendlyARM /zeke]# ./a[root@FriendlyARM /zeke]# ./[root@FriendlyARM /zeke]# cat /dev/blocktest [root@FriendlyARM /zeke]# ls -l /dev | grep blockt[root@FriendlyARM /zeke]# cat /dev/blocktest  /dev/blocktest  /dev/blocktest  /dev/blocktest r /dev/blocktest m /dev/blocktest  /dev/blocktest 
[root@FriendlyARM /zeke]# [root@FriendlyARM /zeke]# rm /dev/blocktest [root@FriendlyARM /zeke]# ./a[root@FriendlyARM /zeke]# ./[root@FriendlyARM /zeke]# cat /dev/blocktest [root@FriendlyARM /zeke]# ls -l /dev | grep blockt[root@FriendlyARM /zeke]# mknod /dev/blocktest c 250 0 05 0 0
[root@FriendlyARM /zeke]# ./a
block_open
3
block_read
block_release
[root@FriendlyARM /zeke]# rm /dev/b;l[root@FriendlyARM /zeke]# rm /dev/b;llo[root@FriendlyARM /zeke]# rm /dev/blocktest 
[root@FriendlyARM /zeke]# rm m[root@FriendlyARM /zeke]# rm myblock.ko 
[root@FriendlyARM /zeke]# rmmod myblock
zekezang exit hohohooho
rmmod: module 'myblock' not found
[root@FriendlyARM /zeke]# 
[root@FriendlyARM /zeke]# 
[root@FriendlyARM /zeke]# [root@FriendlyARM /zeke]# 
[root@FriendlyARM /zeke]# 
[root@FriendlyARM /zeke]# 
[root@FriendlyARM /zeke]# 
[root@FriendlyARM /zeke]# ls
a           blocktest   myblock.ko
[root@FriendlyARM /zeke]# omrmm nbb[root@FriendlyARM /zeke]# rm blocktest 
[root@FriendlyARM /zeke]# inmsmo[root@FriendlyARM /zeke]# insmod m[root@FriendlyARM /zeke]# insmod myblock.ko 
block init comming
[root@FriendlyARM /zeke]# ./a
-1
open error
[root@FriendlyARM /zeke]# ls /dev[root@FriendlyARM /zeke]# ./a[root@FriendlyARM /zeke]# insmod myblock.ko [root@FriendlyARM /zeke]# rm blocktest [root@FriendlyARM /zeke]# ls[root@FriendlyARM /zeke]# rz[root@FriendlyARM /zeke]# rmmod myblock[root@FriendlyARM /zeke]# rm myblock.ko [root@FriendlyARM /zeke]# rm /dev/blocktest [root@FriendlyARM /zeke]# ./a[root@FriendlyARM /zeke]# mknod /dev/blocktest c 255 0[root@FriendlyARM /zeke]# rm /dev/blocktest [root@FriendlyARM /zeke]# ./a[root@FriendlyARM /zeke]# ./[root@FriendlyARM /zeke]# cat /dev/blocktest [root@FriendlyARM /zeke]# ls -l /dev | grep blockt
brw-rw----    1 root     root      255,   0 Jul 28 04:43 blocktest
[root@FriendlyARM /zeke]# rm m[root@FriendlyARM /zeke]# rm myblock.ko 
[root@FriendlyARM /zeke]# ls
a
[root@FriendlyARM /zeke]# rmmlod myubloblock
zekezang exit hohohooho
rmmod: module 'myblock' not found
[root@FriendlyARM /zeke]# 
[root@FriendlyARM /zeke]# 
[root@FriendlyARM /zeke]# [root@FriendlyARM /zeke]# 
[root@FriendlyARM /zeke]# 
[root@FriendlyARM /zeke]# insm[root@FriendlyARM /zeke]# insmod m[root@FriendlyARM /zeke]# insmod myblock.ko 
block init comming
[root@FriendlyARM /zeke]# 
[root@FriendlyARM /zeke]# 
[root@FriendlyARM /zeke]# ../a
-/bin/sh: ../a: not found
[root@FriendlyARM /zeke]# ./a
-1
open error
[root@FriendlyARM /zeke]# ;[root@FriendlyARM /zeke]# ./a[root@FriendlyARM /zeke]# ../a[root@FriendlyARM /zeke]# insmod myblock.ko [root@FriendlyARM /zeke]# rz[root@FriendlyARM /zeke]# rmmod myblock[root@FriendlyARM /zeke]# ls[root@FriendlyARM /zeke]# rm myblock.ko [root@FriendlyARM /zeke]# ls -l /dev | grep blockt[root@FriendlyARM /zeke]# ./a[root@FriendlyARM /zeke]# ls -l /dev | grep blockt
brw-rw----    1 root     root      255,   0 Jul 28 04:48 blocktest
[root@FriendlyARM /zeke]# rm a m[root@FriendlyARM /zeke]# rm a myblock.ko 
[root@FriendlyARM /zeke]# rmmod myvbloclk
[root@FriendlyARM /zeke]# [root@FriendlyARM /zeke]# rmmod myvblockblockblock
zekezang exit hohohooho
rmmod: module 'myblock' not found
[root@FriendlyARM /zeke]# 
[root@FriendlyARM /zeke]# [root@FriendlyARM /zeke]# [root@FriendlyARM /zeke]# 
[root@FriendlyARM /zeke]# 
[root@FriendlyARM /zeke]# 
[root@FriendlyARM /zeke]# 
[root@FriendlyARM /zeke]# ./als
a           myblock.ko
[root@FriendlyARM /zeke]# inmsm[root@FriendlyARM /zeke]# insmod m[root@FriendlyARM /zeke]# insmod myblock.ko 
module char01 init!/n[root@FriendlyARM /zeke]# 
[root@FriendlyARM /zeke]# 
[root@FriendlyARM /zeke]# 
[root@FriendlyARM /zeke]# ./a
char01 open!/nchar01 ioctl!/ncmd:1075667488 param:-1090224128/nchar01 release!/nopen /dev/char01 ok!/n[root@FriendlyARM /zeke]# 
[root@FriendlyARM /zeke]# 
[root@FriendlyARM /zeke]# rm a m[root@FriendlyARM /zeke]# rm a myblock.ko 
[root@FriendlyARM /zeke]# rmmod myblock
module char01 exit!/n
Unable to handle kernel NULL pointer dereference at virtual address 00000021
pgd = cd610000
[00000021] *pgd=5d620831, *pte=00000000, *ppte=00000000
Internal error: Oops: 17 [#1] PREEMPT
last sysfs file: /sys/devices/virtual/char01/char01/dev
Modules linked in: myblock(-) fa_cpu_pfn(P) [last unloaded: myblock]
CPU: 0    Tainted: P             (2.6.38-FriendlyARM #2)
PC is at sysfs_delete_link+0x28/0x5c
LR is at sysfs_delete_link+0x18/0x5c
pc : [<c022dbec>]    lr : [<c022dbdc>]    psr: a0000013
sp : cd61bf00  ip : c09af534  fp : 00000000
r10: 00000000  r9 : cd61a000  r8 : c0173f88
r7 : 00000880  r6 : cd655780  r5 : ccfe8a18  r4 : cd61d208
r3 : 00000000  r2 : c0739bc4  r1 : cd68fc90  r0 : c0739bc4
Flags: NzCv  IRQs on  FIQs on  Mode SVC_32  ISA ARM  Segment user
Control: 00c5387d  Table: 5d610008  DAC: 00000015
Process rmmod (pid: 1239, stack limit = 0xcd61a268)
Stack: (0xcd61bf00 to 0xcd61c000)
bf00: cd61d200 cd61d200 00000000 c0314748 cd61d200 bf048374 cd61bf44 c0314838
bf20: cd61d200 c0314870 cd585580 0fc00000 bf0484b4 bf0481a8 00000000 c01b0a88
bf40: ccf303b8 6c62796d 006b636f 4032a000 c0173f88 cd61a000 ccf303b8 c051e6ec
bf60: 00000000 ccf303b4 00000001 ccf303b4 cd61bf84 c0185600 60000013 00f303b4
bf80: bf048374 00000880 cd61bf8c 00000000 000cd088 beda0f29 00000001 00000000
bfa0: 00000081 c0173de0 beda0f29 00000001 beda0f29 00000880 402a2238 000bc1e0
bfc0: beda0f29 00000001 00000000 00000081 00000001 00000000 beda0e3c 00000000
bfe0: 00000000 beda0ab0 0001c798 4023954c 60000010 beda0f29 00000000 00000000
[<c022dbec>] (sysfs_delete_link+0x28/0x5c) from [<c0314748>] (device_del+0x74/0x158)
[<c0314748>] (device_del+0x74/0x158) from [<c0314838>] (device_unregister+0xc/0x18)
[<c0314838>] (device_unregister+0xc/0x18) from [<c0314870>] (device_destroy+0x2c/0x34)
[<c0314870>] (device_destroy+0x2c/0x34) from [<bf0481a8>] (char01_exit+0x20/0x40 [myblock])
[<bf0481a8>] (char01_exit+0x20/0x40 [myblock]) from [<c01b0a88>] (sys_delete_module+0x1c8/0x234)
[<c01b0a88>] (sys_delete_module+0x1c8/0x234) from [<c0173de0>] (ret_fast_syscall+0x0/0x30)
Code: e5941018 e3510000 0a000004 e5953018 (e5d33021) 
---[ end trace 752fc60d697ae51f ]---
note: rmmod[1239] exited with preempt_count 1
BUG: scheduling while atomic: rmmod/1239/0x40000002
one_wire_status: 2
Modules linked in: myblock(-) fa_cpu_pfn(P) [last unloaded: myblock]
[<c0179570>] (unwind_backtrace+0x0/0xec) from [<c051c01c>] (schedule+0x74/0x398)
[<c051c01c>] (schedule+0x74/0x398) from [<c0185790>] (__cond_resched+0x14/0x20)
one_wire_status: 3
[<c0185790>] (__cond_resched+0x14/0x20) from [<c051c4c8>] (_cond_resched+0x30/0x40)
[<c051c4c8>] (_cond_resched+0x30/0x40) from [<c01d2e18>] (unmap_vmas+0x624/0x6ec)
one_wire_status: 4
[<c01d2e18>] (unmap_vmas+0x624/0x6ec) from [<c01d56ac>] (exit_mmap+0x108/0x27c)
[<c01d56ac>] (exit_mmap+0x108/0x27c) from [<c0186a2c>] (mmput+0x48/0xe4)
[<c0186a2c>] (mmput+0x48/0xe4) from [<c018a634>] (exit_mm+0x12c/0x138)
one_wire_status: 4
[<c018a634>] (exit_mm+0x12c/0x138) from [<c018bde8>] (do_exit+0x1a4/0x5f8)
[<c018bde8>] (do_exit+0x1a4/0x5f8) from [<c0177b78>] (die+0x194/0x1c4)
[<c0177b78>] (die+0x194/0x1c4) from [<c017a3f8>] (__do_kernel_fault+0x64/0x84)
one_wire_status: 4
[<c017a3f8>] (__do_kernel_fault+0x64/0x84) from [<c017a5f4>] (do_page_fault+0x1dc/0x1f8)
[<c017a5f4>] (do_page_fault+0x1dc/0x1f8) from [<c01692b8>] (do_DataAbort+0x34/0x94)
one_wire_status: 4
[<c01692b8>] (do_DataAbort+0x34/0x94) from [<c01739cc>] (__dabt_svc+0x4c/0x60)
Exception stack(0xcd61beb8 to 0xcd61bf00)
bea0:                                                       c0739bc4 cd68fc90
one_wire_status: 4
bec0: c0739bc4 00000000 cd61d208 ccfe8a18 cd655780 00000880 c0173f88 cd61a000
bee0: 00000000 00000000 c09af534 cd61bf00 c022dbdc c022dbec a0000013 ffffffff
[<c01739cc>] (__dabt_svc+0x4c/0x60) from [<c022dbec>] (sysfs_delete_link+0x28/0x5c)
one_wire_status: 4
[<c022dbec>] (sysfs_delete_link+0x28/0x5c) from [<c0314748>] (device_del+0x74/0x158)
[<c0314748>] (device_del+0x74/0x158) from [<c0314838>] (device_unregister+0xc/0x18)
one_wire_status: 4
[<c0314838>] (device_unregister+0xc/0x18) from [<c0314870>] (device_destroy+0x2c/0x34)
[<c0314870>] (device_destroy+0x2c/0x34) from [<bf0481a8>] (char01_exit+0x20/0x40 [myblock])
[<bf0481a8>] (char01_exit+0x20/0x40 [myblock]) from [<c01b0a88>] (sys_delete_module+0x1c8/0x234)
one_wire_status: 4
[<c01b0a88>] (sys_delete_module+0x1c8/0x234) from [<c0173de0>] (ret_fast_syscall+0x0/0x30)
Segmentation fault
[root@FriendlyARM /zeke]# Load Kernel...
Load Kernel...
Uncompressing Linux... done, booting the kernel.
Initializing cgroup subsys cpu
Linux version 2.6.38-FriendlyARM (zekezang@zekezang-desktop) (gcc version 4.3.2 (Sourcery G++ Lite 2008q3-72) ) #2 PREEMPT Tue May 15 16:54:55 CST 2012
CPU: ARMv6-compatible processor [410fb766] revision 6 (ARMv7), cr=00c5387f
CPU: VIPT nonaliasing data cache, VIPT nonaliasing instruction cache
Machine: MINI6410
Memory policy: ECC disabled, Data cache writeback
CPU S3C6410 (id 0x36410101)
S3C24XX Clocks, Copyright 2004 Simtec Electronics
camera: no parent clock specified
S3C64XX: PLL settings, A=532000000, M=266000000, E=84666666
S3C64XX: HCLK2=266000000, HCLK=133000000, PCLK=66500000
mout_apll: source is fout_apll (1), rate is 532000000
mout_epll: source is epll (1), rate is 84666666
mout_mpll: source is mpll (1), rate is 266000000
mmc_bus: source is mout_epll (0), rate is 84666666
mmc_bus: source is mout_epll (0), rate is 84666666
mmc_bus: source is mout_epll (0), rate is 84666666
usb-bus-host: source is clk_48m (0), rate is 48000000
uclk1: source is mout_epll (0), rate is 84666666
spi-bus: source is mout_epll (0), rate is 84666666
spi-bus: source is mout_epll (0), rate is 84666666
audio-bus: source is mout_epll (0), rate is 84666666
audio-bus: source is mout_epll (0), rate is 84666666
audio-bus: source is mout_epll (0), rate is 84666666
irda-bus: source is mout_epll (0), rate is 84666666
camera: no parent clock specified
s3c64xx: 10485760 bytes SDRAM reserved for fimc at 0x5f5f8000
s3c64xx: 8388608 bytes SDRAM reserved for pp at 0x5edf8000
s3c64xx: 8388608 bytes SDRAM reserved for tv at 0x5e5f8000
s3c64xx: 6291456 bytes SDRAM reserved for mfc at 0x5dff8000
s3c64xx: 4194304 bytes SDRAM reserved for jpeg at 0x5dbf8000
Built 1 zonelists in Zone order, mobility grouping on.  Total pages: 65024
Kernel command line: root=ubi0:FriendlyARM-root ubi.mtd=2 rootfstype=ubifs init=/linuxrc console=ttySAC0,115200
PID hash table entries: 1024 (order: 0, 4096 bytes)
Dentry cache hash table entries: 32768 (order: 5, 131072 bytes)
Inode-cache hash table entries: 16384 (order: 4, 65536 bytes)
Memory: 256MB = 256MB total
Memory: 215112k/215112k available, 47032k reserved, 0K highmem
Virtual kernel memory layout:
    vector  : 0xffff0000 - 0xffff1000   (   4 kB)
    fixmap  : 0xfff00000 - 0xfffe0000   ( 896 kB)
    DMA     : 0xff600000 - 0xffe00000   (   8 MB)
    vmalloc : 0xd0800000 - 0xf6000000   ( 600 MB)
    lowmem  : 0xc0000000 - 0xd0000000   ( 256 MB)
    modules : 0xbf000000 - 0xc0000000   (  16 MB)
      .init : 0xc0008000 - 0xc0169000   (1412 kB)
      .text : 0xc0169000 - 0xc0723ae0   (5867 kB)
      .data : 0xc0724000 - 0xc076a840   ( 283 kB)
SLUB: Genslabs=13, HWalign=32, Order=0-3, MinObjects=0, CPUs=1, Nodes=1
Preemptable hierarchical RCU implementation.
	RCU-based detection of stalled CPUs is disabled.
	Verbose stalled-CPUs detection is disabled.
NR_IRQS:246
VIC @f6000000: id 0x00041192, vendor 0x41
VIC @f6010000: id 0x00041192, vendor 0x41
Console: colour dummy device 80x30
console [ttySAC0] enabled
Calibrating delay loop... 530.84 BogoMIPS (lpj=2654208)
pid_max: default: 32768 minimum: 301
Mount-cache hash table entries: 512
CPU: Testing write buffer coherency: ok
NET: Registered protocol family 16
s3c64xx_dma_init: Registering DMA channels
PL080: IRQ 73, at d0808000, channels 0..8
PL080: IRQ 74, at d080c000, channels 8..16
S3C6410: Initialising architecture
bio: create slab <bio-0> at 0
SCSI subsystem initialized
usbcore: registered new interface driver usbfs
usbcore: registered new interface driver hub
usbcore: registered new device driver usb
s3c-i2c s3c2440-i2c: slave address 0x10
s3c-i2c s3c2440-i2c: bus frequency set to 64 KHz
s3c-i2c s3c2440-i2c: i2c-0: S3C I2C adapter
Advanced Linux Sound Architecture Driver Version 1.0.23.
NET: Registered protocol family 2
IP route cache hash table entries: 2048 (order: 1, 8192 bytes)
TCP established hash table entries: 8192 (order: 4, 65536 bytes)
TCP bind hash table entries: 8192 (order: 5, 163840 bytes)
TCP: Hash tables configured (established 8192 bind 8192)
TCP reno registered
UDP hash table entries: 128 (order: 0, 6144 bytes)
UDP-Lite hash table entries: 128 (order: 0, 6144 bytes)
NET: Registered protocol family 1
RPC: Registered udp transport module.
RPC: Registered tcp transport module.
RPC: Registered tcp NFSv4.1 backchannel transport module.
NetWinder Floating Point Emulator V0.97 (double precision)
squashfs: version 4.0 (2009/01/31) Phillip Lougher
msgmni has been set to 420
io scheduler noop registered (default)
io scheduler cfq registered
S3C_LCD clock got enabled :: 133.000 Mhz
LCD TYPE :: N43 will be initialized
Window[0] - FB1: map_video_memory: clear ff600000:0007f800
            FB1: map_video_memory: dma=5d780000 cpu=ff600000 size=0007f800
Window[0] - FB2: map_video_memory: clear ff63fc00:0003fc00
            FB2: map_video_memory: dma=5d7bfc00 cpu=ff63fc00 size=0003fc00
Console: switching to colour frame buffer device 60x34
fb0: s3cfb frame buffer device
Window[1] - FB1: map_video_memory: clear ff680000:0007f800
            FB1: map_video_memory: dma=5cc00000 cpu=ff680000 size=0007f800
Window[1] - FB2: map_video_memory: clear ff6bfc00:0003fc00
            FB2: map_video_memory: dma=5cc3fc00 cpu=ff6bfc00 size=0003fc00
fb1: s3cfb frame buffer device
Window[2] - FB1: map_video_memory: clear ff700000:0003fc00
            FB1: map_video_memory: dma=5d740000 cpu=ff700000 size=0003fc00
fb2: s3cfb frame buffer device
Window[3] - FB1: map_video_memory: clear ff740000:0003fc00
            FB1: map_video_memory: dma=5cc80000 cpu=ff740000 size=0003fc00
fb3: s3cfb frame buffer device
backlight	initialized
s3c6400-uart.0: ttySAC0 at MMIO 0x7f005000 (irq = 16) is a S3C6400/10
s3c6400-uart.1: ttySAC1 at MMIO 0x7f005400 (irq = 20) is a S3C6400/10
s3c6400-uart.2: ttySAC2 at MMIO 0x7f005800 (irq = 24) is a S3C6400/10
s3c6400-uart.3: ttySAC3 at MMIO 0x7f005c00 (irq = 28) is a S3C6400/10
leds	initialized
pwm	initialized
adc	initialized
loop: module loaded
S3C NAND Driver, (c) 2008 Samsung Electronics
MLC nand initialized, 2011 ported by FriendlyARM
S3C NAND Driver is using hardware ECC.
NAND device: Manufacturer ID: 0xec, Chip ID: 0xd5 (Samsung NAND 2GiB 3,3V 8-bit)
Creating 3 MTD partitions on "NAND 2GiB 3,3V 8-bit":
0x000000000000-0x000000400000 : "Bootloader"
0x000000400000-0x000000c00000 : "Kernel"
0x000000c00000-0x000080000000 : "File System"
UBI: attaching mtd2 to ubi0
UBI: physical eraseblock size:   1048576 bytes (1024 KiB)
UBI: logical eraseblock size:    1032192 bytes
UBI: smallest flash I/O unit:    8192
UBI: VID header offset:          8192 (aligned 8192)
UBI: data offset:                16384
UBI: max. sequence number:       21
UBI: attached mtd2 to ubi0
UBI: MTD device name:            "File System"
UBI: MTD device size:            2036 MiB
UBI: number of good PEBs:        2029
UBI: number of bad PEBs:         7
UBI: number of corrupted PEBs:   0
UBI: max. allowed volumes:       128
UBI: wear-leveling threshold:    4096
UBI: number of internal volumes: 1
UBI: number of user volumes:     1
UBI: available PEBs:             0
UBI: total number of reserved PEBs: 2029
UBI: number of PEBs reserved for bad PEB handling: 20
UBI: max/mean erase counter: 2/0
UBI: image sequence number:  1983384580
UBI: background thread "ubi_bgt0d" started, PID 633
PPP generic driver version 2.4.2
PPP Deflate Compression module registered
PPP BSD Compression module registered
PPP MPPE Compression module registered
NET: Registered protocol family 24
dm9000 Ethernet Driver, V1.31
eth0: dm9000a at d0930000,d0e00004 IRQ 108 MAC: 08:90:00:a0:90:90 (platform data)
ohci_hcd: USB 1.1 'Open' Host Controller (OHCI) Driver
s3c2410-ohci s3c2410-ohci: S3C24XX OHCI
s3c2410-ohci s3c2410-ohci: new USB bus registered, assigned bus number 1
s3c2410-ohci s3c2410-ohci: irq 79, io mem 0x74300000
usb usb1: New USB device found, idVendor=1d6b, idProduct=0001
usb usb1: New USB device strings: Mfr=3, Product=2, SerialNumber=1
usb usb1: Product: S3C24XX OHCI
usb usb1: Manufacturer: Linux 2.6.38-FriendlyARM ohci_hcd
usb usb1: SerialNumber: s3c24xx
hub 1-0:1.0: USB hub found
hub 1-0:1.0: 2 ports detected
usbcore: registered new interface driver usbserial
USB Serial support registered for generic
usbcore: registered new interface driver usbserial_generic
usbserial: USB Serial Driver core
USB Serial support registered for aircable
usbcore: registered new interface driver aircable
USB Serial support registered for ark3116
usbcore: registered new interface driver ark3116
ark3116:v0.6:USB ARK3116 serial/IrDA driver
USB Serial support registered for Belkin / Peracom / GoHubs USB Serial Adapter
usbcore: registered new interface driver belkin
belkin_sa: v1.3:USB Belkin Serial converter driver
USB Serial support registered for ch341-uart
usbcore: registered new interface driver ch341
USB Serial support registered for cp210x
usbcore: registered new interface driver cp210x
cp210x: v0.09:Silicon Labs CP210x RS232 serial adaptor driver
USB Serial support registered for Reiner SCT Cyberjack USB card reader
usbcore: registered new interface driver cyberjack
cyberjack: v1.01 Matthias Bruestle
cyberjack: REINER SCT cyberJack pinpad/e-com USB Chipcard Reader Driver
USB Serial support registered for DeLorme Earthmate USB
USB Serial support registered for HID->COM RS232 Adapter
USB Serial support registered for Nokia CA-42 V2 Adapter
usbcore: registered new interface driver cypress
cypress_m8: v1.10:Cypress USB to Serial Driver
USB Serial support registered for debug
usbcore: registered new interface driver debug
USB Serial support registered for Digi 2 port USB adapter
USB Serial support registered for Digi 4 port USB adapter
usbcore: registered new interface driver digi_acceleport
digi_acceleport: v1.80.1.2:Digi AccelePort USB-2/USB-4 Serial Converter driver
USB Serial support registered for Edgeport 2 port adapter
USB Serial support registered for Edgeport 4 port adapter
USB Serial support registered for Edgeport 8 port adapter
USB Serial support registered for EPiC device
usbcore: registered new interface driver io_edgeport
io_edgeport: v2.7:Edgeport USB Serial Driver
USB Serial support registered for Edgeport TI 1 port adapter
USB Serial support registered for Edgeport TI 2 port adapter
usbcore: registered new interface driver io_ti
io_ti: v0.7mode043006:Edgeport USB Serial Driver
USB Serial support registered for empeg
usbcore: registered new interface driver empeg
empeg: v1.3:USB Empeg Mark I/II Driver
USB Serial support registered for FTDI USB Serial Device
usbcore: registered new interface driver ftdi_sio
ftdi_sio: v1.6.0:USB FTDI Serial Converters Driver
USB Serial support registered for funsoft
usbcore: registered new interface driver funsoft
USB Serial support registered for Garmin GPS usb/tty
usbcore: registered new interface driver garmin_gps
garmin_gps: v0.33:garmin gps driver
USB Serial support registered for hp4X
usbcore: registered new interface driver hp4X
hp4x: v1.00:HP4x (48/49) Generic Serial driver
USB Serial support registered for PocketPC PDA
usbcore: registered new interface driver ipaq
ipaq: v1.0:USB PocketPC PDA driver
USB Serial support registered for IPWireless converter
usbcore: registered new interface driver ipwtty
ipw: v0.4:IPWireless tty driver
USB Serial support registered for IR Dongle
usbcore: registered new interface driver ir-usb
ir_usb: v0.5:USB IR Dongle driver
USB Serial support registered for iuu_phoenix
usbcore: registered new interface driver iuu_phoenix
iuu_phoenix: v0.12:Infinity USB Unlimited Phoenix driver
USB Serial support registered for Keyspan - (without firmware)
USB Serial support registered for Keyspan 1 port adapter
USB Serial support registered for Keyspan 2 port adapter
USB Serial support registered for Keyspan 4 port adapter
usbcore: registered new interface driver keyspan
keyspan: v1.1.5:Keyspan USB to Serial Converter Driver
USB Serial support registered for Keyspan PDA
usb 1-1: new full speed USB device using s3c2410-ohci and address 2
USB Serial support registered for Keyspan PDA - (prerenumeration)
USB Serial support registered for Xircom / Entregra PGS - (prerenumeration)
usbcore: registered new interface driver keyspan_pda
keyspan_pda: v1.1:USB Keyspan PDA Converter driver
USB Serial support registered for KL5KUSB105D / PalmConnect
usbcore: registered new interface driver kl5kusb105d
kl5kusb105: v0.4:KLSI KL5KUSB105 chipset USB->Serial Converter driver
USB Serial support registered for KOBIL USB smart card terminal
usbcore: registered new interface driver kobil
kobil_sct: 21/05/2004:KOBIL USB Smart Card Terminal Driver (experimental)
USB Serial support registered for MCT U232
usbcore: registered new interface driver mct_u232
mct_u232: z2.1:Magic Control Technology USB-RS232 converter driver
USB Serial support registered for Moschip 2 port adapter
mos7720: 2.1:Moschip USB Serial Driver
usbcore: registered new interface driver moschip7720
USB Serial support registered for Moschip 7840/7820 USB Serial Driver
mos7840: 1.3.2:Moschip 7840/7820 USB Serial Driver
usbcore: registered new interface driver mos7840
USB Serial support registered for moto-modem
usbcore: registered new interface driver moto-modem
USB Serial support registered for navman
usbcore: registered new interface driver navman
USB Serial support registered for ZyXEL - omni.net lcd plus usb
usbcore: registered new interface driver omninet
omninet: v1.1:USB ZyXEL omni.net LCD PLUS Driver
USB Serial support registered for opticon
usbcore: registered new interface driver opticon
USB Serial support registered for GSM modem (1-port)
usbcore: registered new interface driver option
option: v0.7.2:USB Driver for GSM modems
USB Serial support registered for oti6858
usbcore: registered new interface driver oti6858
USB Serial support registered for pl2303
usbcore: registered new interface driver pl2303
pl2303: Prolific PL2303 USB to serial adaptor driver
USB Serial support registered for qcaux
usbcore: registered new interface driver qcaux
USB Serial support registered for Qualcomm USB modem
usbcore: registered new interface driver qcserial
safe_serial: v0.1:USB Safe Encapsulated Serial
USB Serial support registered for safe_serial
usb 1-1: New USB device found, idVendor=05e3, idProduct=0606
usb 1-1: New USB device strings: Mfr=1, Product=2, SerialNumber=0
usbcore: registered new interface driver safe_serial
USB Serial support registered for sam-ba
usb 1-1: Product: USB Hub 2.0
hub 1-1:1.0: USB hub found
usbcore: registered new interface driver sam-ba
hub 1-1:1.0: 4 ports detected
sam_ba: v1.0: Atmel SAM Boot Assistant (SAM-BA) driver
USB Serial support registered for siemens_mpi
usbcore: registered new interface driver siemens_mpi
Driver for Siemens USB/MPI adapter
Version 0.1 09/26/2005 Thomas Hergenhahn@web.de http://libnodave.sf.net
USB Serial support registered for Sierra USB modem
usbcore: registered new interface driver sierra
sierra: v.1.7.16:USB Driver for Sierra Wireless USB modems
USB Serial support registered for SPCP8x5
usbcore: registered new interface driver spcp8x5
spcp8x5: v0.10:SPCP8x5 USB to serial adaptor driver
USB Serial support registered for Quatech SSU-100 USB to Serial Driver
usbcore: registered new interface driver ssu100
ssu100: v0.1:Quatech SSU-100 USB to Serial Driver
USB Serial support registered for symbol
usbcore: registered new interface driver symbol
USB Serial support registered for TI USB 3410 1 port adapter
USB Serial support registered for TI USB 5052 2 port adapter
usbcore: registered new interface driver ti_usb_3410_5052
ti_usb_3410_5052: v0.10:TI USB 3410/5052 Serial Driver
USB Serial support registered for Handspring Visor / Palm OS
USB Serial support registered for Sony Clie 3.5
USB Serial support registered for Sony Clie 5.0
usbcore: registered new interface driver visor
visor: USB HandSpring Visor / Palm OS driver
USB Serial support registered for Connect Tech - WhiteHEAT - (prerenumeration)
USB Serial support registered for Connect Tech - WhiteHEAT
usbcore: registered new interface driver whiteheat
whiteheat: v2.0:USB ConnectTech WhiteHEAT driver
USB Serial support registered for vivopay-serial
usbcore: registered new interface driver vivopay-serial
vivopay_serial: v1.0:ViVOpay USB Serial Driver
USB Serial support registered for zio
usbcore: registered new interface driver zio
Initializing USB Mass Storage driver...
usbcore: registered new interface driver usb-storage
USB Mass Storage support registered.
s3c-hsotg s3c-hsotg: regs d0940000, irq 90
s3c-hsotg s3c-hsotg: s3c_hsotg_corereset: reset failed, GRSTCTL=80000001
s3c-hsotg s3c-hsotg: GRXFSIZ=0x00001800, GNPTXFSIZ=0x18001800
s3c-hsotg s3c-hsotg: shared fifos
s3c-hsotg s3c-hsotg: cannot create debug root
s3c-hsotg s3c-hsotg: DCFG=0x00200000, DCTL=0x00000002, DIEPMSK=0000000f
s3c-hsotg s3c-hsotg: GAHBCFG=0x00000000, 0x44=0x00000000
s3c-hsotg s3c-hsotg: GRXFSIZ=0x00000800, GNPTXFSIZ=0x04000800
s3c-hsotg s3c-hsotg: DPTx[1] FSize=768, StAddr=0x00000f00
s3c-hsotg s3c-hsotg: DPTx[2] FSize=768, StAddr=0x00001200
s3c-hsotg s3c-hsotg: DPTx[3] FSize=768, StAddr=0x00001500
s3c-hsotg s3c-hsotg: DPTx[4] FSize=768, StAddr=0x00001800
s3c-hsotg s3c-hsotg: DPTx[5] FSize=768, StAddr=0x00001b00
s3c-hsotg s3c-hsotg: DPTx[6] FSize=768, StAddr=0x00001e00
s3c-hsotg s3c-hsotg: DPTx[7] FSize=768, StAddr=0x00002100
s3c-hsotg s3c-hsotg: DPTx[8] FSize=768, StAddr=0x00002400
s3c-hsotg s3c-hsotg: DPTx[9] FSize=768, StAddr=0x00002700
s3c-hsotg s3c-hsotg: DPTx[10] FSize=768, StAddr=0x00002a00
s3c-hsotg s3c-hsotg: DPTx[11] FSize=768, StAddr=0x00002d00
s3c-hsotg s3c-hsotg: DPTx[12] FSize=768, StAddr=0x00003000
s3c-hsotg s3c-hsotg: DPTx[13] FSize=768, StAddr=0x00003300
s3c-hsotg s3c-hsotg: DPTx[14] FSize=768, StAddr=0x00003600
s3c-hsotg s3c-hsotg: DPTx[15] FSize=768, StAddr=0x00003900
s3c-hsotg s3c-hsotg: ep0-in: EPCTL=0x00008000, SIZ=0x00000000, DMA=0x00000000
s3c-hsotg s3c-hsotg: ep0-out: EPCTL=0x00008000, SIZ=0x00000000, DMA=0x00000000
s3c-hsotg s3c-hsotg: ep1-in: EPCTL=0x00000000, SIZ=0x00000000, DMA=0x00000000
s3c-hsotg s3c-hsotg: ep1-out: EPCTL=0x00000000, SIZ=0x00000000, DMA=0x00000000
s3c-hsotg s3c-hsotg: ep2-in: EPCTL=0x00000000, SIZ=0x00000000, DMA=0x00000000
s3c-hsotg s3c-hsotg: ep2-out: EPCTL=0x00000000, SIZ=0x00000000, DMA=0x00000000
s3c-hsotg s3c-hsotg: ep3-in: EPCTL=0x00000000, SIZ=0x00000000, DMA=0x00000000
s3c-hsotg s3c-hsotg: ep3-out: EPCTL=0x00000000, SIZ=0x00000000, DMA=0x00000000
s3c-hsotg s3c-hsotg: ep4-in: EPCTL=0x00000000, SIZ=0x00000000, DMA=0x00000000
s3c-hsotg s3c-hsotg: ep4-out: EPCTL=0x00000000, SIZ=0x00000000, DMA=0x00000000
s3c-hsotg s3c-hsotg: ep5-in: EPCTL=0x00000000, SIZ=0x00000000, DMA=0x00000000
s3c-hsotg s3c-hsotg: ep5-out: EPCTL=0x00000000, SIZ=0x00000000, DMA=0x00000000
s3c-hsotg s3c-hsotg: ep6-in: EPCTL=0x00000000, SIZ=0x00000000, DMA=0x00000000
s3c-hsotg s3c-hsotg: ep6-out: EPCTL=0x00000000, SIZ=0x00000000, DMA=0x00000000
s3c-hsotg s3c-hsotg: ep7-in: EPCTL=0x00000000, SIZ=0x00000000, DMA=0x00000000
s3c-hsotg s3c-hsotg: ep7-out: EPCTL=0x00000000, SIZ=0x00000000, DMA=0x00000000
s3c-hsotg s3c-hsotg: ep8-in: EPCTL=0x00000000, SIZ=0x00000000, DMA=0x00000000
s3c-hsotg s3c-hsotg: ep8-out: EPCTL=0x00000000, SIZ=0x00000000, DMA=0x00000000
s3c-hsotg s3c-hsotg: ep9-in: EPCTL=0x00000000, SIZ=0x00000000, DMA=0x00000000
s3c-hsotg s3c-hsotg: ep9-out: EPCTL=0x00000000, SIZ=0x00000000, DMA=0x00000000
s3c-hsotg s3c-hsotg: ep10-in: EPCTL=0x00000000, SIZ=0x00000000, DMA=0x00000000
s3c-hsotg s3c-hsotg: ep10-out: EPCTL=0x00000000, SIZ=0x00000000, DMA=0x00000000
s3c-hsotg s3c-hsotg: ep11-in: EPCTL=0x00000000, SIZ=0x00000000, DMA=0x00000000
s3c-hsotg s3c-hsotg: ep11-out: EPCTL=0x00000000, SIZ=0x00000000, DMA=0x00000000
s3c-hsotg s3c-hsotg: ep12-in: EPCTL=0x00000000, SIZ=0x00000000, DMA=0x00000000
s3c-hsotg s3c-hsotg: ep12-out: EPCTL=0x00000000, SIZ=0x00000000, DMA=0x00000000
s3c-hsotg s3c-hsotg: ep13-in: EPCTL=0x00000000, SIZ=0x00000000, DMA=0x00000000
s3c-hsotg s3c-hsotg: ep13-out: EPCTL=0x00000000, SIZ=0x00000000, DMA=0x00000000
s3c-hsotg s3c-hsotg: ep14-in: EPCTL=0x00000000, SIZ=0x00000000, DMA=0x00000000
s3c-hsotg s3c-hsotg: ep14-out: EPCTL=0x00000000, SIZ=0x00000000, DMA=0x00000000
s3c-hsotg s3c-hsotg: DVBUSDIS=0x000017d7, DVBUSPULSE=000005b8
mousedev: PS/2 mouse device common for all mice
S3C Touchscreen driver, (c) 2010 FriendlyARM
touchscreen got loaded successfully : 12 bits
touchscreen-1wire	initialized
backlight-1wire	initialized
input: TouchScreen Pipe as /devices/virtual/input/input0
ts-if	initialized
S3C24XX RTC, (c) 2004,2006 Simtec Electronics
s3c-rtc s3c64xx-rtc: rtc disabled, re-enabling
one_wire_status: 4
s3c-rtc s3c64xx-rtc: rtc core: registered s3c as rtc0
i2c /dev entries driver
Linux video capture interface: v2.00
i2c-core: driver [tuner] using legacy suspend method
i2c-core: driver [tuner] using legacy resume method
i2c-core: driver [msp3400] using legacy suspend method
i2c-core: driver [msp3400] using legacy resume method
usbcore: registered new interface driver usbvision
USBVision USB Video Device Driver for Linux : 0.9.10
one_wire_status: 5
usbcore: registered new interface driver pvrusb2
pvrusb2: V4L in-tree version:Hauppauge WinTV-PVR-USB2 MPEG2 Encoder/Tuner
pvrusb2: Debug mask is 31 (0x1f)
usbcore: registered new interface driver zr364xx
zr364xx: Zoran 364xx
usbcore: registered new interface driver stkwebcam
pwc: Philips webcam module version 10.0.14 loaded.
pwc: Supports Philips PCA645/646, PCVC675/680/690, PCVC720[40]/730/740/750 & PCVC830/840.
one_wire_status: 3
pwc: Also supports the Askey VC010, various Logitech Quickcams, Samsung MPC-C10 and MPC-C30,
pwc: the Creative WebCam 5 & Pro Ex, SOTEC Afina Eye and Visionite VCS-UC300 and VCS-UM100.
one_wire_status: 4
usbcore: registered new interface driver Philips webcam
gspca: v2.12.0 registered
usbcore: registered new interface driver benq
usbcore: registered new interface driver conex
usbcore: registered new interface driver cpia1
usbcore: registered new interface driver etoms
usbcore: registered new interface driver finepix
usbcore: registered new interface driver jeilinj
usbcore: registered new interface driver konica
usbcore: registered new interface driver mars
one_wire_status: 5
usbcore: registered new interface driver mr97310a
usbcore: registered new interface driver ov519
usbcore: registered new interface driver ov534
usbcore: registered new interface driver ov534_9
usbcore: registered new interface driver pac207
usbcore: registered new interface driver pac7302
usbcore: registered new interface driver pac7311
usbcore: registered new interface driver sn9c2028
one_wire_status: 4
usbcore: registered new interface driver sn9c20x
usbcore: registered new interface driver sonixb
usbcore: registered new interface driver sonixj
usbcore: registered new interface driver spca500
usbcore: registered new interface driver spca501
usbcore: registered new interface driver spca505
usbcore: registered new interface driver spca506
spca506: registered
usbcore: registered new interface driver spca508
usbcore: registered new interface driver spca561
one_wire_status: 4
usbcore: registered new interface driver spca1528
usbcore: registered new interface driver sq905
usbcore: registered new interface driver sq905c
usbcore: registered new interface driver sq930x
usbcore: registered new interface driver sunplus
usbcore: registered new interface driver stk014
usbcore: registered new interface driver stv0680
usbcore: registered new interface driver t613
usbcore: registered new interface driver tv8532
usbcore: registered new interface driver vc032x
usbcore: registered new interface driver xirlink-cit
usbcore: registered new interface driver zc3xx
usbcore: registered new interface driver ALi m5602
one_wire_status: 5
usbcore: registered new interface driver STV06xx
gspca_gl860: driver startup - version 0.9d10
usbcore: registered new interface driver gspca_gl860
usbcore: registered new interface driver hdpvr
usbcore: registered new interface driver s2255
s3c-fimc: controller 0 registered successfully
s3c-fimc: controller 1 registered successfully
FIMC Driver, 2010 ported by FriendlyARM http://www.arm9.net
ov965x: probe
s3c-fimc: i2c transfer error
s3c-fimc: i2c transfer error
s3c-fimc: i2c transfer error
s3c-fimc: i2c transfer error
s3c-fimc: ov965x: Product ID fb:fb Manufacturer ID fb:fb
parent clock for camera: 266.000 MHz, divisor: 11
[CAM]RESET CAM.
one_wire_status: 4
S3C6400 MFC Driver, (c) 2007 Samsung Electronics, 2010 ported by FriendlyARM http://www.arm9.net
 S3C6400 MFC Driver init OK. 
S3C PostProcessor Driver v3.12, (c) 2009 Samsung Electronics
S3C6410 TV encoder Driver, (c) 2008 Samsung Electronics
 S3C6410 TV encoder Driver init OK. 
S3C6410 TV scaler Driver, (c) 2008 Samsung Electronics
 S3C6410 TV scaler Driver init OK. 
S3C Rotator Driver, (c) 2008 Samsung Electronics
s3c_rotator_probe called
s3c_rotator_probe success
one_wire_status: 5
S3C JPEG Driver, (c) 2007 Samsung Electronics
s3c_g2d_probe called
 s3c_g2d_probe Success
 S3C G2D Init : Done
S3C G3D Driver, (c) 2007-2009 Samsung Electronics
s3c_g3d version : 0x1050000
 S3C G3D Init : Done
usbcore: registered new interface driver uvcvideo
USB Video Class driver (v1.0.0)
S3C2410 Watchdog Timer, (c) 2004 Simtec Electronics
s3c2410-wdt s3c2410-wdt: watchdog inactive, reset disabled, irq enabled
one_wire_status: 4
sdhci: Secure Digital Host Controller Interface driver
sdhci: Copyright(c) Pierre Ossman
s3c-sdhci s3c-sdhci.0: clock source 0: hsmmc (133000000 Hz)
s3c-sdhci s3c-sdhci.0: clock source 1: hsmmc (133000000 Hz)
s3c-sdhci s3c-sdhci.0: clock source 2: mmc_bus (84666666 Hz)
mmc0: SDHCI controller on samsung-hsmmc [s3c-sdhci.0] using ADMA
s3c-sdhci s3c-sdhci.1: clock source 0: hsmmc (133000000 Hz)
s3c-sdhci s3c-sdhci.1: clock source 1: hsmmc (133000000 Hz)
one_wire_status: 4
s3c-sdhci s3c-sdhci.1: clock source 2: mmc_bus (84666666 Hz)
mmc1: SDHCI controller on samsung-hsmmc [s3c-sdhci.1] using ADMA
usbcore: registered new interface driver usbhid
usbhid: USB HID core driver
asoc: wm9713-hifi <-> samsung-ac97 mapping ok
ALSA device list:
  #0: MINI6410
TCP cubic registered
NET: Registered protocol family 17
VFP support v0.3: implementor 41 architecture 1 part 20 variant b rev 5
s3c-rtc s3c64xx-rtc: setting system clock to 2000-07-28 04:54:11 UTC (964760051)
Freeing init memory: 1412K
UBIFS: recovery needed
UBIFS: recovery completed
UBIFS: mounted UBI device 0, volume 0, name "FriendlyARM-root"
UBIFS: file system size:   2059223040 bytes (2010960 KiB, 1963 MiB, 1995 LEBs)
UBIFS: journal size:       12517376 bytes (12224 KiB, 11 MiB, 13 LEBs)
UBIFS: media format:       w4/r0 (latest is w4/r0)
UBIFS: default compressor: lzo
UBIFS: reserved for root:  0 bytes (0 KiB)
one_wire_status: 2
fa_cpu_pfn: module license 'Proprietary' taints kernel.
Disabling lock debugging due to kernel taint
FriendlyARM proprietary driver for mini6410 initialized.
[27/Jul/2000:20:54:16 +0000] boa: server version Boa/0.94.13
[27/Jul/2000:20:54:16 +0000] boa: server built Dec 30 2010 at 11:18:35.
[27/Jul/2000:20:54:16 +0000] boa: starting server pid=947, port 80


                        
                        
Try to bring eth0 interface up......eth0: link down
Done

Please press Enter to activate this console. [root@FriendlyARM /]# 
[root@FriendlyARM /]# 
[root@FriendlyARM /]# 
[root@FriendlyARM /]# 
[root@FriendlyARM /]# 
[root@FriendlyARM /]# cd zele=ke[root@FriendlyARM /]# cd zeke/
[root@FriendlyARM /zeke]# ls
[root@FriendlyARM /zeke]# [root@FriendlyARM /zeke]# [root@FriendlyARM /zeke]# 
[root@FriendlyARM /zeke]# 
[root@FriendlyARM /zeke]# 
[root@FriendlyARM /zeke]# 
[root@FriendlyARM /zeke]# imns[root@FriendlyARM /zeke]# insmold m[root@FriendlyARM /zeke]# insmod myblock.ko 
block init comming
[root@FriendlyARM /zeke]# [root@FriendlyARM /zeke]# insmod myblock.ko [root@FriendlyARM /zeke]# rz[root@FriendlyARM /zeke]# ls[root@FriendlyARM /zeke]# cd zeke/[root@FriendlyARM /zeke]# ./a[root@FriendlyARM /zeke]# insmod myblock.ko [root@FriendlyARM /zeke]# ls[root@FriendlyARM /zeke]# rz[root@FriendlyARM /zeke]# rmmod myblock[root@FriendlyARM /zeke]# rmmod myvblock[root@FriendlyARM /zeke]# rm a myblock.ko [root@FriendlyARM /zeke]# ls -l /dev | grep blockt
brw-rw----    1 root     root      255,   0 Jul 28 04:54 blocktest
[root@FriendlyARM /zeke]# rm m[root@FriendlyARM /zeke]# rm myblock.ko 
[root@FriendlyARM /zeke]# rmmod myblock
zekezang exit hohohooho
rmmod: module 'myblock' not found
[root@FriendlyARM /zeke]# 
[root@FriendlyARM /zeke]# 
[root@FriendlyARM /zeke]# [root@FriendlyARM /zeke]# 
[root@FriendlyARM /zeke]# 
[root@FriendlyARM /zeke]# 
[root@FriendlyARM /zeke]# ins[root@FriendlyARM /zeke]# insm,[root@FriendlyARM /zeke]# insmod 
BusyBox v1.17.2 (2010-12-30 11:13:11 HKT) multi-call binary.

Usage: insmod [-qfwrsv] MODULE [symbol=value]...

Options:
	-r	Remove MODULE (stacks) or do autoclean
	-q	Quiet
	-v	Verbose
	-f	Force
	-w	Wait for unload
	-s	Report via syslog instead of stderr

[root@FriendlyARM /zeke]# [root@FriendlyARM /zeke]# insmod m[root@FriendlyARM /zeke]# insmod myblock.ko 
block init comming
[root@FriendlyARM /zeke]# [root@FriendlyARM /zeke]# insmod myblock.ko [root@FriendlyARM /zeke]# insmod [root@FriendlyARM /zeke]# rz[root@FriendlyARM /zeke]# rmmod myblock[root@FriendlyARM /zeke]# rm myblock.ko [root@FriendlyARM /zeke]# ls -l /dev | grep blockt[root@FriendlyARM /zeke]# insmod myblock.ko [root@FriendlyARM /zeke]# ls -l /dev | grep blockt
brw-rw----    1 root     root      255,   0 Jul 28 04:56 blocktest
[root@FriendlyARM /zeke]# rmmm m[root@FriendlyARM /zeke]# rm myblock.ko 
[root@FriendlyARM /zeke]# rmmod mubyblock
zekezang exit hohohooho
rmmod: module 'myblock' not found
[root@FriendlyARM /zeke]# 
[root@FriendlyARM /zeke]# 
[root@FriendlyARM /zeke]# [root@FriendlyARM /zeke]# 
[root@FriendlyARM /zeke]# 
[root@FriendlyARM /zeke]# 
[root@FriendlyARM /zeke]# ins[root@FriendlyARM /zeke]# insmod m[root@FriendlyARM /zeke]# insmod myblock.ko 
block init comming
[root@FriendlyARM /zeke]# [root@FriendlyARM /zeke]# insmod myblock.ko [root@FriendlyARM /zeke]# rz[root@FriendlyARM /zeke]# rmmod myblock[root@FriendlyARM /zeke]# rm myblock.ko [root@FriendlyARM /zeke]# ls -l /dev | grep blockt[root@FriendlyARM /zeke]# insmod myblock.ko [root@FriendlyARM /zeke]# ls -l /dev | grep blockt
brw-rw----    1 root     root      252,   0 Jul 28 04:58 blocktest
[root@FriendlyARM /zeke]# rm a m[root@FriendlyARM /zeke]# rm a myblock.ko 
[root@FriendlyARM /zeke]# rmmod[root@FriendlyARM /zeke]# rmmod myblock
zekezang exit hohohooho
rmmod: module 'myblock' not found
[root@FriendlyARM /zeke]# 
[root@FriendlyARM /zeke]# 
[root@FriendlyARM /zeke]# 
[root@FriendlyARM /zeke]# ls
[root@FriendlyARM /zeke]# [root@FriendlyARM /zeke]# 
[root@FriendlyARM /zeke]# 
[root@FriendlyARM /zeke]# [root@FriendlyARM /zeke]# [root@FriendlyARM /zeke]# 
[root@FriendlyARM /zeke]# 
[root@FriendlyARM /zeke]# 
[root@FriendlyARM /zeke]# inmsmod m[root@FriendlyARM /zeke]# insmod myblock.ko 
module test init!/n[root@FriendlyARM /zeke]# 
[root@FriendlyARM /zeke]# 
[root@FriendlyARM /zeke]# [root@FriendlyARM /zeke]# insmod myblock.ko [root@FriendlyARM /zeke]# rz[root@FriendlyARM /zeke]# ls[root@FriendlyARM /zeke]# **B00000000000000[root@FriendlyARM /zeke]# srz[root@FriendlyARM /zeke]# rmmod myblock[root@FriendlyARM /zeke]# rm a myblock.ko [root@FriendlyARM /zeke]# ls -l /dev | grep blockt[root@FriendlyARM /zeke]# insmod myblock.ko [root@FriendlyARM /zeke]# ls -l /dev | grep blockt
[root@FriendlyARM /zeke]# [root@FriendlyARM /zeke]# ls -l /dev | grep blockt
[root@FriendlyARM /zeke]# ./a

test open!/n
test ioctl!/n
test release!/nopen /dev/char01 ok!/n[root@FriendlyARM /zeke]# [root@FriendlyARM /zeke]# ./a[root@FriendlyARM /zeke]# ls -l /dev | grep blocktep tes
crw-rw----    1 root     root      251,   0 Jul 28 05:05 test001
[root@FriendlyARM /zeke]# rmmod myubbloclk

module test exit!/n
Unable to handle kernel NULL pointer dereference at virtual address 00000021
pgd = cd568000
[00000021] *pgd=5d579831, *pte=00000000, *ppte=00000000
Internal error: Oops: 17 [#1] PREEMPT
last sysfs file: /sys/devices/virtual/test001/test001/dev
Modules linked in: myblock(-) fa_cpu_pfn(P) [last unloaded: myblock]
CPU: 0    Tainted: P             (2.6.38-FriendlyARM #2)
PC is at sysfs_delete_link+0x28/0x5c
LR is at sysfs_delete_link+0x18/0x5c
pc : [<c022dbec>]    lr : [<c022dbdc>]    psr: a0000013
sp : cd543f00  ip : c09af534  fp : 00000000
r10: 00000000  r9 : cd542000  r8 : c0173f88
r7 : 00000880  r6 : cd63f5c0  r5 : ccfe9e18  r4 : cd62b308
r3 : 00000000  r2 : c0739bc4  r1 : cd68dea0  r0 : c0739bc4
Flags: NzCv  IRQs on  FIQs on  Mode SVC_32  ISA ARM  Segment user
Control: 00c5387d  Table: 5d568008  DAC: 00000015
Process rmmod (pid: 1038, stack limit = 0xcd542268)
Stack: (0xcd543f00 to 0xcd544000)
3f00: cd62b300 cd62b300 00000000 c0314748 cd62b300 bf018354 cd543f44 c0314838
3f20: cd62b300 c0314870 cd547c00 0fb00000 bf018494 bf01818c 00000000 c01b0a88
3f40: cd45ce38 6c62796d 006b636f 40376000 c0173f88 cd542000 cd45ce38 c051e6ec
3f60: 00000000 cd45ce34 00000001 cd45ce34 cd543f84 c0185600 60000013 0045ce34
3f80: bf018354 00000880 cd543f8c 00000000 000cd088 be841f2c 00000001 00000000
3fa0: 00000081 c0173de0 be841f2c 00000001 be841f2c 00000880 402a9238 000bc1e0
3fc0: be841f2c 00000001 00000000 00000081 00000001 00000000 be841e3c 00000000
3fe0: 00000000 be841ab0 0001c798 4024054c 60000010 be841f2c 58000006 007709d9
[<c022dbec>] (sysfs_delete_link+0x28/0x5c) from [<c0314748>] (device_del+0x74/0x158)
[<c0314748>] (device_del+0x74/0x158) from [<c0314838>] (device_unregister+0xc/0x18)
[<c0314838>] (device_unregister+0xc/0x18) from [<c0314870>] (device_destroy+0x2c/0x34)
[<c0314870>] (device_destroy+0x2c/0x34) from [<bf01818c>] (test_exit+0x20/0x40 [myblock])
[<bf01818c>] (test_exit+0x20/0x40 [myblock]) from [<c01b0a88>] (sys_delete_module+0x1c8/0x234)
[<c01b0a88>] (sys_delete_module+0x1c8/0x234) from [<c0173de0>] (ret_fast_syscall+0x0/0x30)
Code: e5941018 e3510000 0a000004 e5953018 (e5d33021) 
---[ end trace 30ad69ac88c06f04 ]---
note: rmmod[1038] exited with preempt_count 1
BUG: scheduling while atomic: rmmod/1038/0x40000002
Modules linked in: myblock(-) fa_cpu_pfn(P) [last unloaded: myblock]
[<c0179570>] (unwind_backtrace+0x0/0xec) from [<c051c01c>] (schedule+0x74/0x398)
one_wire_status: 2
[<c051c01c>] (schedule+0x74/0x398) from [<c0185790>] (__cond_resched+0x14/0x20)
[<c0185790>] (__cond_resched+0x14/0x20) from [<c051c4c8>] (_cond_resched+0x30/0x40)
one_wire_status: 2
[<c051c4c8>] (_cond_resched+0x30/0x40) from [<c01d2e18>] (unmap_vmas+0x624/0x6ec)
[<c01d2e18>] (unmap_vmas+0x624/0x6ec) from [<c01d56ac>] (exit_mmap+0x108/0x27c)
[<c01d56ac>] (exit_mmap+0x108/0x27c) from [<c0186a2c>] (mmput+0x48/0xe4)
one_wire_status: 3
[<c0186a2c>] (mmput+0x48/0xe4) from [<c018a634>] (exit_mm+0x12c/0x138)
[<c018a634>] (exit_mm+0x12c/0x138) from [<c018bde8>] (do_exit+0x1a4/0x5f8)
[<c018bde8>] (do_exit+0x1a4/0x5f8) from [<c0177b78>] (die+0x194/0x1c4)
one_wire_status: 4
[<c0177b78>] (die+0x194/0x1c4) from [<c017a3f8>] (__do_kernel_fault+0x64/0x84)
[<c017a3f8>] (__do_kernel_fault+0x64/0x84) from [<c017a5f4>] (do_page_fault+0x1dc/0x1f8)
one_wire_status: 4
[<c017a5f4>] (do_page_fault+0x1dc/0x1f8) from [<c01692b8>] (do_DataAbort+0x34/0x94)
[<c01692b8>] (do_DataAbort+0x34/0x94) from [<c01739cc>] (__dabt_svc+0x4c/0x60)
Exception stack(0xcd543eb8 to 0xcd543f00)
one_wire_status: 4
3ea0:                                                       c0739bc4 cd68dea0
3ec0: c0739bc4 00000000 cd62b308 ccfe9e18 cd63f5c0 00000880 c0173f88 cd542000
3ee0: 00000000 00000000 c09af534 cd543f00 c022dbdc c022dbec a0000013 ffffffff
one_wire_status: 4
[<c01739cc>] (__dabt_svc+0x4c/0x60) from [<c022dbec>] (sysfs_delete_link+0x28/0x5c)
[<c022dbec>] (sysfs_delete_link+0x28/0x5c) from [<c0314748>] (device_del+0x74/0x158)
one_wire_status: 4
[<c0314748>] (device_del+0x74/0x158) from [<c0314838>] (device_unregister+0xc/0x18)
[<c0314838>] (device_unregister+0xc/0x18) from [<c0314870>] (device_destroy+0x2c/0x34)
[<c0314870>] (device_destroy+0x2c/0x34) from [<bf01818c>] (test_exit+0x20/0x40 [myblock])
one_wire_status: 4
[<bf01818c>] (test_exit+0x20/0x40 [myblock]) from [<c01b0a88>] (sys_delete_module+0x1c8/0x234)
[<c01b0a88>] (sys_delete_module+0x1c8/0x234) from [<c0173de0>] (ret_fast_syscall+0x0/0x30)
one_wire_status: 4
Segmentation fault
[root@FriendlyARM /zeke]# rm m[root@FriendlyARM /zeke]# rm myblock.ko 
[root@FriendlyARM /zeke]# rmmod[root@FriendlyARM /zeke]# 
[root@FriendlyARM /zeke]# 
[root@FriendlyARM /zeke]# 
[root@FriendlyARM /zeke]# insmod m[root@FriendlyARM /zeke]# insmod myblock.ko 
insmod: can't insert 'myblock.ko': File exists
[root@FriendlyARM /zeke]# rm rmmod myblock
rmmod: remove 'myblock': Device or resource busy
[root@FriendlyARM /zeke]# Load Kernel...
Uncompressing Linux... done, booting the kernel.
Initializing cgroup subsys cpu
Linux version 2.6.38-FriendlyARM (zekezang@zekezang-desktop) (gcc version 4.3.2 (Sourcery G++ Lite 2008q3-72) ) #2 PREEMPT Tue May 15 16:54:55 CST 2012
CPU: ARMv6-compatible processor [410fb766] revision 6 (ARMv7), cr=00c5387f
CPU: VIPT nonaliasing data cache, VIPT nonaliasing instruction cache
Machine: MINI6410
Memory policy: ECC disabled, Data cache writeback
CPU S3C6410 (id 0x36410101)
S3C24XX Clocks, Copyright 2004 Simtec Electronics
camera: no parent clock specified
S3C64XX: PLL settings, A=532000000, M=266000000, E=84666666
S3C64XX: HCLK2=266000000, HCLK=133000000, PCLK=66500000
mout_apll: source is fout_apll (1), rate is 532000000
mout_epll: source is epll (1), rate is 84666666
mout_mpll: source is mpll (1), rate is 266000000
mmc_bus: source is mout_epll (0), rate is 84666666
mmc_bus: source is mout_epll (0), rate is 84666666
mmc_bus: source is mout_epll (0), rate is 84666666
usb-bus-host: source is clk_48m (0), rate is 48000000
uclk1: source is mout_epll (0), rate is 84666666
spi-bus: source is mout_epll (0), rate is 84666666
spi-bus: source is mout_epll (0), rate is 84666666
audio-bus: source is mout_epll (0), rate is 84666666
audio-bus: source is mout_epll (0), rate is 84666666
audio-bus: source is mout_epll (0), rate is 84666666
irda-bus: source is mout_epll (0), rate is 84666666
camera: no parent clock specified
s3c64xx: 10485760 bytes SDRAM reserved for fimc at 0x5f5f8000
s3c64xx: 8388608 bytes SDRAM reserved for pp at 0x5edf8000
s3c64xx: 8388608 bytes SDRAM reserved for tv at 0x5e5f8000
s3c64xx: 6291456 bytes SDRAM reserved for mfc at 0x5dff8000
s3c64xx: 4194304 bytes SDRAM reserved for jpeg at 0x5dbf8000
Built 1 zonelists in Zone order, mobility grouping on.  Total pages: 65024
Kernel command line: root=ubi0:FriendlyARM-root ubi.mtd=2 rootfstype=ubifs init=/linuxrc console=ttySAC0,115200
PID hash table entries: 1024 (order: 0, 4096 bytes)
Dentry cache hash table entries: 32768 (order: 5, 131072 bytes)
Inode-cache hash table entries: 16384 (order: 4, 65536 bytes)
Memory: 256MB = 256MB total
Memory: 215112k/215112k available, 47032k reserved, 0K highmem
Virtual kernel memory layout:
    vector  : 0xffff0000 - 0xffff1000   (   4 kB)
    fixmap  : 0xfff00000 - 0xfffe0000   ( 896 kB)
    DMA     : 0xff600000 - 0xffe00000   (   8 MB)
    vmalloc : 0xd0800000 - 0xf6000000   ( 600 MB)
    lowmem  : 0xc0000000 - 0xd0000000   ( 256 MB)
    modules : 0xbf000000 - 0xc0000000   (  16 MB)
      .init : 0xc0008000 - 0xc0169000   (1412 kB)
      .text : 0xc0169000 - 0xc0723ae0   (5867 kB)
      .data : 0xc0724000 - 0xc076a840   ( 283 kB)
SLUB: Genslabs=13, HWalign=32, Order=0-3, MinObjects=0, CPUs=1, Nodes=1
Preemptable hierarchical RCU implementation.
	RCU-based detection of stalled CPUs is disabled.
	Verbose stalled-CPUs detection is disabled.
NR_IRQS:246
VIC @f6000000: id 0x00041192, vendor 0x41
VIC @f6010000: id 0x00041192, vendor 0x41
Console: colour dummy device 80x30
console [ttySAC0] enabled
Calibrating delay loop... 530.84 BogoMIPS (lpj=2654208)
pid_max: default: 32768 minimum: 301
Mount-cache hash table entries: 512
CPU: Testing write buffer coherency: ok
NET: Registered protocol family 16
s3c64xx_dma_init: Registering DMA channels
PL080: IRQ 73, at d0808000, channels 0..8
PL080: IRQ 74, at d080c000, channels 8..16
S3C6410: Initialising architecture
bio: create slab <bio-0> at 0
SCSI subsystem initialized
usbcore: registered new interface driver usbfs
usbcore: registered new interface driver hub
usbcore: registered new device driver usb
s3c-i2c s3c2440-i2c: slave address 0x10
s3c-i2c s3c2440-i2c: bus frequency set to 64 KHz
s3c-i2c s3c2440-i2c: i2c-0: S3C I2C adapter
Advanced Linux Sound Architecture Driver Version 1.0.23.
NET: Registered protocol family 2
IP route cache hash table entries: 2048 (order: 1, 8192 bytes)
TCP established hash table entries: 8192 (order: 4, 65536 bytes)
TCP bind hash table entries: 8192 (order: 5, 163840 bytes)
TCP: Hash tables configured (established 8192 bind 8192)
TCP reno registered
UDP hash table entries: 128 (order: 0, 6144 bytes)
UDP-Lite hash table entries: 128 (order: 0, 6144 bytes)
NET: Registered protocol family 1
RPC: Registered udp transport module.
RPC: Registered tcp transport module.
RPC: Registered tcp NFSv4.1 backchannel transport module.
NetWinder Floating Point Emulator V0.97 (double precision)
squashfs: version 4.0 (2009/01/31) Phillip Lougher
msgmni has been set to 420
io scheduler noop registered (default)
io scheduler cfq registered
S3C_LCD clock got enabled :: 133.000 Mhz
LCD TYPE :: N43 will be initialized
Window[0] - FB1: map_video_memory: clear ff600000:0007f800
            FB1: map_video_memory: dma=5d780000 cpu=ff600000 size=0007f800
Window[0] - FB2: map_video_memory: clear ff63fc00:0003fc00
            FB2: map_video_memory: dma=5d7bfc00 cpu=ff63fc00 size=0003fc00
Console: switching to colour frame buffer device 60x34
fb0: s3cfb frame buffer device
Window[1] - FB1: map_video_memory: clear ff680000:0007f800
            FB1: map_video_memory: dma=5cc00000 cpu=ff680000 size=0007f800
Window[1] - FB2: map_video_memory: clear ff6bfc00:0003fc00
            FB2: map_video_memory: dma=5cc3fc00 cpu=ff6bfc00 size=0003fc00
fb1: s3cfb frame buffer device
Window[2] - FB1: map_video_memory: clear ff700000:0003fc00
            FB1: map_video_memory: dma=5d740000 cpu=ff700000 size=0003fc00
fb2: s3cfb frame buffer device
Window[3] - FB1: map_video_memory: clear ff740000:0003fc00
            FB1: map_video_memory: dma=5cc80000 cpu=ff740000 size=0003fc00
fb3: s3cfb frame buffer device
backlight	initialized
s3c6400-uart.0: ttySAC0 at MMIO 0x7f005000 (irq = 16) is a S3C6400/10
s3c6400-uart.1: ttySAC1 at MMIO 0x7f005400 (irq = 20) is a S3C6400/10
s3c6400-uart.2: ttySAC2 at MMIO 0x7f005800 (irq = 24) is a S3C6400/10
s3c6400-uart.3: ttySAC3 at MMIO 0x7f005c00 (irq = 28) is a S3C6400/10
leds	initialized
pwm	initialized
adc	initialized
loop: module loaded
S3C NAND Driver, (c) 2008 Samsung Electronics
MLC nand initialized, 2011 ported by FriendlyARM
S3C NAND Driver is using hardware ECC.
NAND device: Manufacturer ID: 0xec, Chip ID: 0xd5 (Samsung NAND 2GiB 3,3V 8-bit)
Creating 3 MTD partitions on "NAND 2GiB 3,3V 8-bit":
0x000000000000-0x000000400000 : "Bootloader"
0x000000400000-0x000000c00000 : "Kernel"
0x000000c00000-0x000080000000 : "File System"
UBI: attaching mtd2 to ubi0
UBI: physical eraseblock size:   1048576 bytes (1024 KiB)
UBI: logical eraseblock size:    1032192 bytes
UBI: smallest flash I/O unit:    8192
UBI: VID header offset:          8192 (aligned 8192)
UBI: data offset:                16384
UBI: max. sequence number:       22
UBI: attached mtd2 to ubi0
UBI: MTD device name:            "File System"
UBI: MTD device size:            2036 MiB
UBI: number of good PEBs:        2029
UBI: number of bad PEBs:         7
UBI: number of corrupted PEBs:   0
UBI: max. allowed volumes:       128
UBI: wear-leveling threshold:    4096
UBI: number of internal volumes: 1
UBI: number of user volumes:     1
UBI: available PEBs:             0
UBI: total number of reserved PEBs: 2029
UBI: number of PEBs reserved for bad PEB handling: 20
UBI: max/mean erase counter: 2/0
UBI: image sequence number:  1983384580
UBI: background thread "ubi_bgt0d" started, PID 633
PPP generic driver version 2.4.2
PPP Deflate Compression module registered
PPP BSD Compression module registered
PPP MPPE Compression module registered
NET: Registered protocol family 24
dm9000 Ethernet Driver, V1.31
eth0: dm9000a at d0930000,d0e00004 IRQ 108 MAC: 08:90:00:a0:90:90 (platform data)
ohci_hcd: USB 1.1 'Open' Host Controller (OHCI) Driver
s3c2410-ohci s3c2410-ohci: S3C24XX OHCI
s3c2410-ohci s3c2410-ohci: new USB bus registered, assigned bus number 1
s3c2410-ohci s3c2410-ohci: irq 79, io mem 0x74300000
usb usb1: New USB device found, idVendor=1d6b, idProduct=0001
usb usb1: New USB device strings: Mfr=3, Product=2, SerialNumber=1
usb usb1: Product: S3C24XX OHCI
usb usb1: Manufacturer: Linux 2.6.38-FriendlyARM ohci_hcd
usb usb1: SerialNumber: s3c24xx
hub 1-0:1.0: USB hub found
hub 1-0:1.0: 2 ports detected
usbcore: registered new interface driver usbserial
USB Serial support registered for generic
usbcore: registered new interface driver usbserial_generic
usbserial: USB Serial Driver core
USB Serial support registered for aircable
usbcore: registered new interface driver aircable
USB Serial support registered for ark3116
usbcore: registered new interface driver ark3116
ark3116:v0.6:USB ARK3116 serial/IrDA driver
USB Serial support registered for Belkin / Peracom / GoHubs USB Serial Adapter
usbcore: registered new interface driver belkin
belkin_sa: v1.3:USB Belkin Serial converter driver
USB Serial support registered for ch341-uart
usbcore: registered new interface driver ch341
USB Serial support registered for cp210x
usbcore: registered new interface driver cp210x
cp210x: v0.09:Silicon Labs CP210x RS232 serial adaptor driver
USB Serial support registered for Reiner SCT Cyberjack USB card reader
usbcore: registered new interface driver cyberjack
cyberjack: v1.01 Matthias Bruestle
cyberjack: REINER SCT cyberJack pinpad/e-com USB Chipcard Reader Driver
USB Serial support registered for DeLorme Earthmate USB
USB Serial support registered for HID->COM RS232 Adapter
USB Serial support registered for Nokia CA-42 V2 Adapter
usbcore: registered new interface driver cypress
cypress_m8: v1.10:Cypress USB to Serial Driver
USB Serial support registered for debug
usbcore: registered new interface driver debug
USB Serial support registered for Digi 2 port USB adapter
USB Serial support registered for Digi 4 port USB adapter
usbcore: registered new interface driver digi_acceleport
digi_acceleport: v1.80.1.2:Digi AccelePort USB-2/USB-4 Serial Converter driver
USB Serial support registered for Edgeport 2 port adapter
USB Serial support registered for Edgeport 4 port adapter
USB Serial support registered for Edgeport 8 port adapter
USB Serial support registered for EPiC device
usbcore: registered new interface driver io_edgeport
io_edgeport: v2.7:Edgeport USB Serial Driver
USB Serial support registered for Edgeport TI 1 port adapter
USB Serial support registered for Edgeport TI 2 port adapter
usbcore: registered new interface driver io_ti
io_ti: v0.7mode043006:Edgeport USB Serial Driver
USB Serial support registered for empeg
usbcore: registered new interface driver empeg
empeg: v1.3:USB Empeg Mark I/II Driver
USB Serial support registered for FTDI USB Serial Device
usbcore: registered new interface driver ftdi_sio
ftdi_sio: v1.6.0:USB FTDI Serial Converters Driver
USB Serial support registered for funsoft
usbcore: registered new interface driver funsoft
USB Serial support registered for Garmin GPS usb/tty
usbcore: registered new interface driver garmin_gps
garmin_gps: v0.33:garmin gps driver
USB Serial support registered for hp4X
usbcore: registered new interface driver hp4X
hp4x: v1.00:HP4x (48/49) Generic Serial driver
USB Serial support registered for PocketPC PDA
usbcore: registered new interface driver ipaq
ipaq: v1.0:USB PocketPC PDA driver
USB Serial support registered for IPWireless converter
usbcore: registered new interface driver ipwtty
ipw: v0.4:IPWireless tty driver
USB Serial support registered for IR Dongle
usbcore: registered new interface driver ir-usb
ir_usb: v0.5:USB IR Dongle driver
USB Serial support registered for iuu_phoenix
usbcore: registered new interface driver iuu_phoenix
iuu_phoenix: v0.12:Infinity USB Unlimited Phoenix driver
USB Serial support registered for Keyspan - (without firmware)
USB Serial support registered for Keyspan 1 port adapter
USB Serial support registered for Keyspan 2 port adapter
USB Serial support registered for Keyspan 4 port adapter
usbcore: registered new interface driver keyspan
keyspan: v1.1.5:Keyspan USB to Serial Converter Driver
USB Serial support registered for Keyspan PDA
usb 1-1: new full speed USB device using s3c2410-ohci and address 2
USB Serial support registered for Keyspan PDA - (prerenumeration)
USB Serial support registered for Xircom / Entregra PGS - (prerenumeration)
usbcore: registered new interface driver keyspan_pda
keyspan_pda: v1.1:USB Keyspan PDA Converter driver
USB Serial support registered for KL5KUSB105D / PalmConnect
usbcore: registered new interface driver kl5kusb105d
kl5kusb105: v0.4:KLSI KL5KUSB105 chipset USB->Serial Converter driver
USB Serial support registered for KOBIL USB smart card terminal
usbcore: registered new interface driver kobil
kobil_sct: 21/05/2004:KOBIL USB Smart Card Terminal Driver (experimental)
USB Serial support registered for MCT U232
usbcore: registered new interface driver mct_u232
mct_u232: z2.1:Magic Control Technology USB-RS232 converter driver
USB Serial support registered for Moschip 2 port adapter
mos7720: 2.1:Moschip USB Serial Driver
usbcore: registered new interface driver moschip7720
USB Serial support registered for Moschip 7840/7820 USB Serial Driver
mos7840: 1.3.2:Moschip 7840/7820 USB Serial Driver
usbcore: registered new interface driver mos7840
USB Serial support registered for moto-modem
usbcore: registered new interface driver moto-modem
USB Serial support registered for navman
usbcore: registered new interface driver navman
USB Serial support registered for ZyXEL - omni.net lcd plus usb
usbcore: registered new interface driver omninet
omninet: v1.1:USB ZyXEL omni.net LCD PLUS Driver
USB Serial support registered for opticon
usbcore: registered new interface driver opticon
USB Serial support registered for GSM modem (1-port)
usbcore: registered new interface driver option
option: v0.7.2:USB Driver for GSM modems
USB Serial support registered for oti6858
usbcore: registered new interface driver oti6858
USB Serial support registered for pl2303
usbcore: registered new interface driver pl2303
pl2303: Prolific PL2303 USB to serial adaptor driver
USB Serial support registered for qcaux
usbcore: registered new interface driver qcaux
USB Serial support registered for Qualcomm USB modem
usbcore: registered new interface driver qcserial
safe_serial: v0.1:USB Safe Encapsulated Serial
USB Serial support registered for safe_serial
usb 1-1: New USB device found, idVendor=05e3, idProduct=0606
usb 1-1: New USB device strings: Mfr=1, Product=2, SerialNumber=0
usbcore: registered new interface driver safe_serial
USB Serial support registered for sam-ba
usb 1-1: Product: USB Hub 2.0
hub 1-1:1.0: USB hub found
usbcore: registered new interface driver sam-ba
hub 1-1:1.0: 4 ports detected
sam_ba: v1.0: Atmel SAM Boot Assistant (SAM-BA) driver
USB Serial support registered for siemens_mpi
usbcore: registered new interface driver siemens_mpi
Driver for Siemens USB/MPI adapter
Version 0.1 09/26/2005 Thomas Hergenhahn@web.de http://libnodave.sf.net
USB Serial support registered for Sierra USB modem
usbcore: registered new interface driver sierra
sierra: v.1.7.16:USB Driver for Sierra Wireless USB modems
USB Serial support registered for SPCP8x5
usbcore: registered new interface driver spcp8x5
spcp8x5: v0.10:SPCP8x5 USB to serial adaptor driver
USB Serial support registered for Quatech SSU-100 USB to Serial Driver
usbcore: registered new interface driver ssu100
ssu100: v0.1:Quatech SSU-100 USB to Serial Driver
USB Serial support registered for symbol
usbcore: registered new interface driver symbol
USB Serial support registered for TI USB 3410 1 port adapter
USB Serial support registered for TI USB 5052 2 port adapter
usbcore: registered new interface driver ti_usb_3410_5052
ti_usb_3410_5052: v0.10:TI USB 3410/5052 Serial Driver
USB Serial support registered for Handspring Visor / Palm OS
USB Serial support registered for Sony Clie 3.5
USB Serial support registered for Sony Clie 5.0
usbcore: registered new interface driver visor
visor: USB HandSpring Visor / Palm OS driver
USB Serial support registered for Connect Tech - WhiteHEAT - (prerenumeration)
USB Serial support registered for Connect Tech - WhiteHEAT
usbcore: registered new interface driver whiteheat
whiteheat: v2.0:USB ConnectTech WhiteHEAT driver
USB Serial support registered for vivopay-serial
usbcore: registered new interface driver vivopay-serial
vivopay_serial: v1.0:ViVOpay USB Serial Driver
USB Serial support registered for zio
usbcore: registered new interface driver zio
Initializing USB Mass Storage driver...
usbcore: registered new interface driver usb-storage
USB Mass Storage support registered.
s3c-hsotg s3c-hsotg: regs d0940000, irq 90
s3c-hsotg s3c-hsotg: s3c_hsotg_corereset: reset failed, GRSTCTL=80000001
s3c-hsotg s3c-hsotg: GRXFSIZ=0x00001800, GNPTXFSIZ=0x18001800
s3c-hsotg s3c-hsotg: shared fifos
s3c-hsotg s3c-hsotg: cannot create debug root
s3c-hsotg s3c-hsotg: DCFG=0x00200000, DCTL=0x00000002, DIEPMSK=0000000f
s3c-hsotg s3c-hsotg: GAHBCFG=0x00000000, 0x44=0x00000000
s3c-hsotg s3c-hsotg: GRXFSIZ=0x00000800, GNPTXFSIZ=0x04000800
s3c-hsotg s3c-hsotg: DPTx[1] FSize=768, StAddr=0x00000f00
s3c-hsotg s3c-hsotg: DPTx[2] FSize=768, StAddr=0x00001200
s3c-hsotg s3c-hsotg: DPTx[3] FSize=768, StAddr=0x00001500
s3c-hsotg s3c-hsotg: DPTx[4] FSize=768, StAddr=0x00001800
s3c-hsotg s3c-hsotg: DPTx[5] FSize=768, StAddr=0x00001b00
s3c-hsotg s3c-hsotg: DPTx[6] FSize=768, StAddr=0x00001e00
s3c-hsotg s3c-hsotg: DPTx[7] FSize=768, StAddr=0x00002100
s3c-hsotg s3c-hsotg: DPTx[8] FSize=768, StAddr=0x00002400
s3c-hsotg s3c-hsotg: DPTx[9] FSize=768, StAddr=0x00002700
s3c-hsotg s3c-hsotg: DPTx[10] FSize=768, StAddr=0x00002a00
s3c-hsotg s3c-hsotg: DPTx[11] FSize=768, StAddr=0x00002d00
s3c-hsotg s3c-hsotg: DPTx[12] FSize=768, StAddr=0x00003000
s3c-hsotg s3c-hsotg: DPTx[13] FSize=768, StAddr=0x00003300
s3c-hsotg s3c-hsotg: DPTx[14] FSize=768, StAddr=0x00003600
s3c-hsotg s3c-hsotg: DPTx[15] FSize=768, StAddr=0x00003900
s3c-hsotg s3c-hsotg: ep0-in: EPCTL=0x00008000, SIZ=0x00000000, DMA=0x00000000
s3c-hsotg s3c-hsotg: ep0-out: EPCTL=0x00008000, SIZ=0x00000000, DMA=0x00000000
s3c-hsotg s3c-hsotg: ep1-in: EPCTL=0x00000000, SIZ=0x00000000, DMA=0x00000000
s3c-hsotg s3c-hsotg: ep1-out: EPCTL=0x00000000, SIZ=0x00000000, DMA=0x00000000
s3c-hsotg s3c-hsotg: ep2-in: EPCTL=0x00000000, SIZ=0x00000000, DMA=0x00000000
s3c-hsotg s3c-hsotg: ep2-out: EPCTL=0x00000000, SIZ=0x00000000, DMA=0x00000000
s3c-hsotg s3c-hsotg: ep3-in: EPCTL=0x00000000, SIZ=0x00000000, DMA=0x00000000
s3c-hsotg s3c-hsotg: ep3-out: EPCTL=0x00000000, SIZ=0x00000000, DMA=0x00000000
s3c-hsotg s3c-hsotg: ep4-in: EPCTL=0x00000000, SIZ=0x00000000, DMA=0x00000000
s3c-hsotg s3c-hsotg: ep4-out: EPCTL=0x00000000, SIZ=0x00000000, DMA=0x00000000
s3c-hsotg s3c-hsotg: ep5-in: EPCTL=0x00000000, SIZ=0x00000000, DMA=0x00000000
s3c-hsotg s3c-hsotg: ep5-out: EPCTL=0x00000000, SIZ=0x00000000, DMA=0x00000000
s3c-hsotg s3c-hsotg: ep6-in: EPCTL=0x00000000, SIZ=0x00000000, DMA=0x00000000
s3c-hsotg s3c-hsotg: ep6-out: EPCTL=0x00000000, SIZ=0x00000000, DMA=0x00000000
s3c-hsotg s3c-hsotg: ep7-in: EPCTL=0x00000000, SIZ=0x00000000, DMA=0x00000000
s3c-hsotg s3c-hsotg: ep7-out: EPCTL=0x00000000, SIZ=0x00000000, DMA=0x00000000
s3c-hsotg s3c-hsotg: ep8-in: EPCTL=0x00000000, SIZ=0x00000000, DMA=0x00000000
s3c-hsotg s3c-hsotg: ep8-out: EPCTL=0x00000000, SIZ=0x00000000, DMA=0x00000000
s3c-hsotg s3c-hsotg: ep9-in: EPCTL=0x00000000, SIZ=0x00000000, DMA=0x00000000
s3c-hsotg s3c-hsotg: ep9-out: EPCTL=0x00000000, SIZ=0x00000000, DMA=0x00000000
s3c-hsotg s3c-hsotg: ep10-in: EPCTL=0x00000000, SIZ=0x00000000, DMA=0x00000000
s3c-hsotg s3c-hsotg: ep10-out: EPCTL=0x00000000, SIZ=0x00000000, DMA=0x00000000
s3c-hsotg s3c-hsotg: ep11-in: EPCTL=0x00000000, SIZ=0x00000000, DMA=0x00000000
s3c-hsotg s3c-hsotg: ep11-out: EPCTL=0x00000000, SIZ=0x00000000, DMA=0x00000000
s3c-hsotg s3c-hsotg: ep12-in: EPCTL=0x00000000, SIZ=0x00000000, DMA=0x00000000
s3c-hsotg s3c-hsotg: ep12-out: EPCTL=0x00000000, SIZ=0x00000000, DMA=0x00000000
s3c-hsotg s3c-hsotg: ep13-in: EPCTL=0x00000000, SIZ=0x00000000, DMA=0x00000000
s3c-hsotg s3c-hsotg: ep13-out: EPCTL=0x00000000, SIZ=0x00000000, DMA=0x00000000
s3c-hsotg s3c-hsotg: ep14-in: EPCTL=0x00000000, SIZ=0x00000000, DMA=0x00000000
s3c-hsotg s3c-hsotg: ep14-out: EPCTL=0x00000000, SIZ=0x00000000, DMA=0x00000000
s3c-hsotg s3c-hsotg: DVBUSDIS=0x000017d7, DVBUSPULSE=000005b8
mousedev: PS/2 mouse device common for all mice
S3C Touchscreen driver, (c) 2010 FriendlyARM
touchscreen got loaded successfully : 12 bits
touchscreen-1wire	initialized
backlight-1wire	initialized
input: TouchScreen Pipe as /devices/virtual/input/input0
ts-if	initialized
S3C24XX RTC, (c) 2004,2006 Simtec Electronics
s3c-rtc s3c64xx-rtc: rtc disabled, re-enabling
one_wire_status: 4
s3c-rtc s3c64xx-rtc: rtc core: registered s3c as rtc0
i2c /dev entries driver
Linux video capture interface: v2.00
i2c-core: driver [tuner] using legacy suspend method
i2c-core: driver [tuner] using legacy resume method
i2c-core: driver [msp3400] using legacy suspend method
i2c-core: driver [msp3400] using legacy resume method
usbcore: registered new interface driver usbvision
USBVision USB Video Device Driver for Linux : 0.9.10
one_wire_status: 5
usbcore: registered new interface driver pvrusb2
pvrusb2: V4L in-tree version:Hauppauge WinTV-PVR-USB2 MPEG2 Encoder/Tuner
pvrusb2: Debug mask is 31 (0x1f)
usbcore: registered new interface driver zr364xx
zr364xx: Zoran 364xx
usbcore: registered new interface driver stkwebcam
pwc: Philips webcam module version 10.0.14 loaded.
pwc: Supports Philips PCA645/646, PCVC675/680/690, PCVC720[40]/730/740/750 & PCVC830/840.
one_wire_status: 2
pwc: Also supports the Askey VC010, various Logitech Quickcams, Samsung MPC-C10 and MPC-C30,
pwc: the Creative WebCam 5 & Pro Ex, SOTEC Afina Eye and Visionite VCS-UC300 and VCS-UM100.
one_wire_status: 4
usbcore: registered new interface driver Philips webcam
gspca: v2.12.0 registered
usbcore: registered new interface driver benq
usbcore: registered new interface driver conex
usbcore: registered new interface driver cpia1
usbcore: registered new interface driver etoms
usbcore: registered new interface driver finepix
usbcore: registered new interface driver jeilinj
usbcore: registered new interface driver konica
usbcore: registered new interface driver mars
one_wire_status: 5
usbcore: registered new interface driver mr97310a
usbcore: registered new interface driver ov519
usbcore: registered new interface driver ov534
usbcore: registered new interface driver ov534_9
usbcore: registered new interface driver pac207
usbcore: registered new interface driver pac7302
usbcore: registered new interface driver pac7311
usbcore: registered new interface driver sn9c2028
one_wire_status: 4
usbcore: registered new interface driver sn9c20x
usbcore: registered new interface driver sonixb
usbcore: registered new interface driver sonixj
usbcore: registered new interface driver spca500
usbcore: registered new interface driver spca501
usbcore: registered new interface driver spca505
usbcore: registered new interface driver spca506
spca506: registered
usbcore: registered new interface driver spca508
usbcore: registered new interface driver spca561
one_wire_status: 4
usbcore: registered new interface driver spca1528
usbcore: registered new interface driver sq905
usbcore: registered new interface driver sq905c
usbcore: registered new interface driver sq930x
usbcore: registered new interface driver sunplus
usbcore: registered new interface driver stk014
usbcore: registered new interface driver stv0680
usbcore: registered new interface driver t613
usbcore: registered new interface driver tv8532
usbcore: registered new interface driver vc032x
usbcore: registered new interface driver xirlink-cit
usbcore: registered new interface driver zc3xx
usbcore: registered new interface driver ALi m5602
one_wire_status: 5
usbcore: registered new interface driver STV06xx
gspca_gl860: driver startup - version 0.9d10
usbcore: registered new interface driver gspca_gl860
usbcore: registered new interface driver hdpvr
usbcore: registered new interface driver s2255
s3c-fimc: controller 0 registered successfully
s3c-fimc: controller 1 registered successfully
FIMC Driver, 2010 ported by FriendlyARM http://www.arm9.net
ov965x: probe
s3c-fimc: i2c transfer error
s3c-fimc: i2c transfer error
s3c-fimc: i2c transfer error
s3c-fimc: i2c transfer error
s3c-fimc: ov965x: Product ID fb:fb Manufacturer ID fb:fb
parent clock for camera: 266.000 MHz, divisor: 11
[CAM]RESET CAM.
one_wire_status: 4
S3C6400 MFC Driver, (c) 2007 Samsung Electronics, 2010 ported by FriendlyARM http://www.arm9.net
 S3C6400 MFC Driver init OK. 
S3C PostProcessor Driver v3.12, (c) 2009 Samsung Electronics
S3C6410 TV encoder Driver, (c) 2008 Samsung Electronics
 S3C6410 TV encoder Driver init OK. 
S3C6410 TV scaler Driver, (c) 2008 Samsung Electronics
 S3C6410 TV scaler Driver init OK. 
S3C Rotator Driver, (c) 2008 Samsung Electronics
s3c_rotator_probe called
s3c_rotator_probe success
one_wire_status: 5
S3C JPEG Driver, (c) 2007 Samsung Electronics
s3c_g2d_probe called
 s3c_g2d_probe Success
 S3C G2D Init : Done
S3C G3D Driver, (c) 2007-2009 Samsung Electronics
s3c_g3d version : 0x1050000
 S3C G3D Init : Done
usbcore: registered new interface driver uvcvideo
USB Video Class driver (v1.0.0)
S3C2410 Watchdog Timer, (c) 2004 Simtec Electronics
s3c2410-wdt s3c2410-wdt: watchdog inactive, reset disabled, irq enabled
one_wire_status: 4
sdhci: Secure Digital Host Controller Interface driver
sdhci: Copyright(c) Pierre Ossman
s3c-sdhci s3c-sdhci.0: clock source 0: hsmmc (133000000 Hz)
s3c-sdhci s3c-sdhci.0: clock source 1: hsmmc (133000000 Hz)
s3c-sdhci s3c-sdhci.0: clock source 2: mmc_bus (84666666 Hz)
mmc0: SDHCI controller on samsung-hsmmc [s3c-sdhci.0] using ADMA
s3c-sdhci s3c-sdhci.1: clock source 0: hsmmc (133000000 Hz)
s3c-sdhci s3c-sdhci.1: clock source 1: hsmmc (133000000 Hz)
one_wire_status: 4
s3c-sdhci s3c-sdhci.1: clock source 2: mmc_bus (84666666 Hz)
mmc1: SDHCI controller on samsung-hsmmc [s3c-sdhci.1] using ADMA
usbcore: registered new interface driver usbhid
usbhid: USB HID core driver
asoc: wm9713-hifi <-> samsung-ac97 mapping ok
ALSA device list:
  #0: MINI6410
TCP cubic registered
NET: Registered protocol family 17
VFP support v0.3: implementor 41 architecture 1 part 20 variant b rev 5
s3c-rtc s3c64xx-rtc: setting system clock to 2000-07-28 05:08:59 UTC (964760939)
Freeing init memory: 1412K
UBIFS: recovery needed
UBIFS: recovery completed
UBIFS: mounted UBI device 0, volume 0, name "FriendlyARM-root"
UBIFS: file system size:   2059223040 bytes (2010960 KiB, 1963 MiB, 1995 LEBs)
UBIFS: journal size:       12517376 bytes (12224 KiB, 11 MiB, 13 LEBs)
UBIFS: media format:       w4/r0 (latest is w4/r0)
one_wire_status: 2
UBIFS: default compressor: lzo
UBIFS: reserved for root:  0 bytes (0 KiB)
fa_cpu_pfn: module license 'Proprietary' taints kernel.
Disabling lock debugging due to kernel taint
FriendlyARM proprietary driver for mini6410 initialized.
[27/Jul/2000:21:09:04 +0000] boa: server version Boa/0.94.13
[27/Jul/2000:21:09:04 +0000] boa: server built Dec 30 2010 at 11:18:35.
[27/Jul/2000:21:09:04 +0000] boa: starting server pid=947, port 80
                        
                        
Try to bring eth0 interface up......eth0: link down
Done

Please press Enter to activate this console. 
[root@FriendlyARM /]# 
[root@FriendlyARM /]# 
[root@FriendlyARM /]# cd zek[root@FriendlyARM /]# cd zeke/
[root@FriendlyARM /zeke]# ls
a           myblock.ko
[root@FriendlyARM /zeke]# inmsmod m[root@FriendlyARM /zeke]# insmod myblock.ko 
insmod: can't insert 'myblock.ko': invalid module format
[root@FriendlyARM /zeke]# rm m,[root@FriendlyARM /zeke]# rm myblock.ko 
[root@FriendlyARM /zeke]# [root@FriendlyARM /zeke]# 
[root@FriendlyARM /zeke]# 
[root@FriendlyARM /zeke]# 
[root@FriendlyARM /zeke]# insmod m[root@FriendlyARM /zeke]# insmod myblock.ko 
module test init!
[root@FriendlyARM /zeke]# [root@FriendlyARM /zeke]# insmod myblock.ko [root@FriendlyARM /zeke]# rz[root@FriendlyARM /zeke]# rm myblock.ko [root@FriendlyARM /zeke]# insmod myblock.ko [root@FriendlyARM /zeke]# ls[root@FriendlyARM /zeke]# cd zeke/[root@FriendlyARM /zeke]# insmod myblock.ko [root@FriendlyARM /zeke]# rz[root@FriendlyARM /zeke]# rm myblock.ko [root@FriendlyARM /zeke]# rmmod myblock[root@FriendlyARM /zeke]# ls -l /dev | grep tes[root@FriendlyARM /zeke]# ./a[root@FriendlyARM /zeke]# ls -l /dev | grep tes
crw-rw----    1 root     root      252,   0 Jul 28 05:10 test001
[root@FriendlyARM /zeke]# ./a
test open!
test ioctl!
test release!
open /dev/char01 ok!/n[root@FriendlyARM /zeke]# 
[root@FriendlyARM /zeke]# 
[root@FriendlyARM /zeke]# rmmod muyyblock
module test exit!
rmmod: module 'myblock' not found
[root@FriendlyARM /zeke]# 
[root@FriendlyARM /zeke]# 
[root@FriendlyARM /zeke]# [root@FriendlyARM /zeke]# rmmod myblock[root@FriendlyARM /zeke]# ./a[root@FriendlyARM /zeke]# ls -l /dev | grep tes[root@FriendlyARM /zeke]# insmod myblock.ko 
module test init!
[root@FriendlyARM /zeke]# [root@FriendlyARM /zeke]# insmod myblock.ko [root@FriendlyARM /zeke]# rmmod myblock[root@FriendlyARM /zeke]# ./a[root@FriendlyARM /zeke]# ls -l /dev | grep tes
crw-rw----    1 root     root      252,   0 Jul 28 05:12 test001
[root@FriendlyARM /zeke]# ./a
test open!
test ioctl!
test release!
open /dev/char01 ok!/n[root@FriendlyARM /zeke]# 
[root@FriendlyARM /zeke]# 
[root@FriendlyARM /zeke]# ls /usr/lib
libasound.so           libjpeg.so             libpng14.so.14.3.0
libasound.so.2         libjpeg.so.8           libts-1.0.so.0
libasound.so.2.0.0     libjpeg.so.8.0.2       libts-1.0.so.0.0.0
libcurses.so           libmad.so              libts.so
libexpat.so            libmad.so.0            libusb-0.1.so.4
libexpat.so.1          libmad.so.0.2.1        libusb-0.1.so.4.4.4
libexpat.so.1.5.2      libmenu.so             libusb.so
libform.so             libmenu.so.5           libusbpp-0.1.so.4
libform.so.5           libmenu.so.5.7         libusbpp-0.1.so.4.4.4
libform.so.5.7         libncurses.so          libusbpp.so
libfreetype.so         libncurses.so.5        libuuid.so
libfreetype.so.6       libncurses.so.5.7      libuuid.so.1
libfreetype.so.6.6.0   libpanel.so            libuuid.so.1.2
libid3tag.so           libpanel.so.5          libz.so
libid3tag.so.0         libpanel.so.5.7        libz.so.1
libid3tag.so.0.3.0     libpng.so              libz.so.1.2.5
libiw.so               libpng14.so            lua
libiw.so.29            libpng14.so.14         ts
[root@FriendlyARM /zeke]# readelf
-/bin/sh: readelf: not found
[root@FriendlyARM /zeke]# [root@FriendlyARM /zeke]# readelf[root@FriendlyARM /zeke]# ls /usr/lib[root@FriendlyARM /zeke]# ./a[root@FriendlyARM /zeke]# ls /usr/lib/cd cd /
[root@FriendlyARM /]# ls
_new.    etc      linuxrc  proc     sys      var
bin      home     mnt      root     tmp      www
dev      lib      opt      sbin     usr      zeke
[root@FriendlyARM /]# cd lls lib
firmware                 libm-2.11.so             libnss_nisplus.so.2
ld-2.11.so               libm.so.6                libpcprofile.so
ld-linux.so.3            libmemusage.so           libpthread-2.11.so
libBrokenLocale-2.11.so  libnsl-2.11.so           libpthread.so.0
libBrokenLocale.so.1     libnsl.so.1              libresolv-2.11.so
libSegFault.so           libnss_compat-2.11.so    libresolv.so.2
libanl-2.11.so           libnss_compat.so.2       librt-2.11.so
libanl.so.1              libnss_dns-2.11.so       librt.so.1
libc-2.11.so             libnss_dns.so.2          libstdc++.so
libc.so.6                libnss_files-2.11.so     libstdc++.so.6
libcrypt-2.11.so         libnss_files.so.2        libstdc++.so.6.0.14
libcrypt.so.1            libnss_hesiod-2.11.so    libthread_db-1.0.so
libdl-2.11.so            libnss_hesiod.so.2       libthread_db.so.1
libdl.so.2               libnss_nis-2.11.so       libutil-2.11.so
libgcc_s.so              libnss_nis.so.2          libutil.so.1
libgcc_s.so.1            libnss_nisplus-2.11.so   modules
[root@FriendlyARM /]# cd ze[root@FriendlyARM /]# cd zeke/
[root@FriendlyARM /zeke]# ls
a           myblock.ko
[root@FriendlyARM /zeke]# Load Kernel...
Uncompressing Linux... done, booting the kernel.
Initializing cgroup subsys cpu
Linux version 2.6.38-FriendlyARM (zekezang@zekezang-desktop) (gcc version 4.3.2 (Sourcery G++ Lite 2008q3-72) ) #2 PREEMPT Tue May 15 16:54:55 CST 2012
CPU: ARMv6-compatible processor [410fb766] revision 6 (ARMv7), cr=00c5387f
CPU: VIPT nonaliasing data cache, VIPT nonaliasing instruction cache
Machine: MINI6410
Memory policy: ECC disabled, Data cache writeback
CPU S3C6410 (id 0x36410101)
S3C24XX Clocks, Copyright 2004 Simtec Electronics
camera: no parent clock specified
S3C64XX: PLL settings, A=532000000, M=266000000, E=84666666
S3C64XX: HCLK2=266000000, HCLK=133000000, PCLK=66500000
mout_apll: source is fout_apll (1), rate is 532000000
mout_epll: source is epll (1), rate is 84666666
mout_mpll: source is mpll (1), rate is 266000000
mmc_bus: source is mout_epll (0), rate is 84666666
mmc_bus: source is mout_epll (0), rate is 84666666
mmc_bus: source is mout_epll (0), rate is 84666666
usb-bus-host: source is clk_48m (0), rate is 48000000
uclk1: source is mout_epll (0), rate is 84666666
spi-bus: source is mout_epll (0), rate is 84666666
spi-bus: source is mout_epll (0), rate is 84666666
audio-bus: source is mout_epll (0), rate is 84666666
audio-bus: source is mout_epll (0), rate is 84666666
audio-bus: source is mout_epll (0), rate is 84666666
irda-bus: source is mout_epll (0), rate is 84666666
camera: no parent clock specified
s3c64xx: 10485760 bytes SDRAM reserved for fimc at 0x5f5f8000
s3c64xx: 8388608 bytes SDRAM reserved for pp at 0x5edf8000
s3c64xx: 8388608 bytes SDRAM reserved for tv at 0x5e5f8000
s3c64xx: 6291456 bytes SDRAM reserved for mfc at 0x5dff8000
s3c64xx: 4194304 bytes SDRAM reserved for jpeg at 0x5dbf8000
Built 1 zonelists in Zone order, mobility grouping on.  Total pages: 65024
Kernel command line: root=ubi0:FriendlyARM-root ubi.mtd=2 rootfstype=ubifs init=/linuxrc console=ttySAC0,115200
PID hash table entries: 1024 (order: 0, 4096 bytes)
Dentry cache hash table entries: 32768 (order: 5, 131072 bytes)
Inode-cache hash table entries: 16384 (order: 4, 65536 bytes)
Memory: 256MB = 256MB total
Memory: 215112k/215112k available, 47032k reserved, 0K highmem
Virtual kernel memory layout:
    vector  : 0xffff0000 - 0xffff1000   (   4 kB)
    fixmap  : 0xfff00000 - 0xfffe0000   ( 896 kB)
    DMA     : 0xff600000 - 0xffe00000   (   8 MB)
    vmalloc : 0xd0800000 - 0xf6000000   ( 600 MB)
    lowmem  : 0xc0000000 - 0xd0000000   ( 256 MB)
    modules : 0xbf000000 - 0xc0000000   (  16 MB)
      .init : 0xc0008000 - 0xc0169000   (1412 kB)
      .text : 0xc0169000 - 0xc0723ae0   (5867 kB)
      .data : 0xc0724000 - 0xc076a840   ( 283 kB)
SLUB: Genslabs=13, HWalign=32, Order=0-3, MinObjects=0, CPUs=1, Nodes=1
Preemptable hierarchical RCU implementation.
	RCU-based detection of stalled CPUs is disabled.
	Verbose stalled-CPUs detection is disabled.
NR_IRQS:246
VIC @f6000000: id 0x00041192, vendor 0x41
VIC @f6010000: id 0x00041192, vendor 0x41
Console: colour dummy device 80x30
console [ttySAC0] enabled
Calibrating delay loop... 530.84 BogoMIPS (lpj=2654208)
pid_max: default: 32768 minimum: 301
Mount-cache hash table entries: 512
CPU: Testing write buffer coherency: ok
NET: Registered protocol family 16
s3c64xx_dma_init: Registering DMA channels
PL080: IRQ 73, at d0808000, channels 0..8
PL080: IRQ 74, at d080c000, channels 8..16
S3C6410: Initialising architecture
bio: create slab <bio-0> at 0
SCSI subsystem initialized
usbcore: registered new interface driver usbfs
usbcore: registered new interface driver hub
usbcore: registered new device driver usb
s3c-i2c s3c2440-i2c: slave address 0x10
s3c-i2c s3c2440-i2c: bus frequency set to 64 KHz
s3c-i2c s3c2440-i2c: i2c-0: S3C I2C adapter
Advanced Linux Sound Architecture Driver Version 1.0.23.
NET: Registered protocol family 2
IP route cache hash table entries: 2048 (order: 1, 8192 bytes)
TCP established hash table entries: 8192 (order: 4, 65536 bytes)
TCP bind hash table entries: 8192 (order: 5, 163840 bytes)
TCP: Hash tables configured (established 8192 bind 8192)
TCP reno registered
UDP hash table entries: 128 (order: 0, 6144 bytes)
UDP-Lite hash table entries: 128 (order: 0, 6144 bytes)
NET: Registered protocol family 1
RPC: Registered udp transport module.
RPC: Registered tcp transport module.
RPC: Registered tcp NFSv4.1 backchannel transport module.
